Component: ARM Compiler 5.06 update 6 (build 750) Tool: armlink [4d35ed]

==============================================================================

Section Cross References

    system_stm32l4xx.o(i.SystemCoreClockUpdate) refers to system_stm32l4xx.o(.constdata) for .constdata
    system_stm32l4xx.o(i.SystemCoreClockUpdate) refers to system_stm32l4xx.o(.data) for .data
    heap_4.o(i.prvHeapInit) refers to heap_4.o(.bss) for .bss
    heap_4.o(i.prvHeapInit) refers to heap_4.o(.data) for .data
    heap_4.o(i.prvInsertBlockIntoFreeList) refers to heap_4.o(.data) for .data
    heap_4.o(i.pvPortMalloc) refers to tasks.o(i.vTaskSuspendAll) for vTaskSuspendAll
    heap_4.o(i.pvPortMalloc) refers to heap_4.o(i.prvHeapInit) for prvHeapInit
    heap_4.o(i.pvPortMalloc) refers to heap_4.o(i.prvInsertBlockIntoFreeList) for prvInsertBlockIntoFreeList
    heap_4.o(i.pvPortMalloc) refers to tasks.o(i.xTaskResumeAll) for xTaskResumeAll
    heap_4.o(i.pvPortMalloc) refers to heap_4.o(.data) for .data
    heap_4.o(i.vPortFree) refers to tasks.o(i.vTaskSuspendAll) for vTaskSuspendAll
    heap_4.o(i.vPortFree) refers to heap_4.o(i.prvInsertBlockIntoFreeList) for prvInsertBlockIntoFreeList
    heap_4.o(i.vPortFree) refers to tasks.o(i.xTaskResumeAll) for xTaskResumeAll
    heap_4.o(i.vPortFree) refers to heap_4.o(.data) for .data
    heap_4.o(i.xPortGetFreeHeapSize) refers to heap_4.o(.data) for .data
    heap_4.o(i.xPortGetMinimumEverFreeHeapSize) refers to heap_4.o(.data) for .data
    port.o(.emb_text) refers to tasks.o(i.vTaskSwitchContext) for vTaskSwitchContext
    port.o(.emb_text) refers to tasks.o(.data) for pxCurrentTCB
    port.o(i.prvTaskExitError) refers to port.o(.data) for .data
    port.o(i.pxPortInitialiseStack) refers to port.o(i.prvTaskExitError) for prvTaskExitError
    port.o(i.vPortEndScheduler) refers to port.o(.data) for .data
    port.o(i.vPortEnterCritical) refers to port.o(.data) for .data
    port.o(i.vPortExitCritical) refers to port.o(.data) for .data
    port.o(i.vPortSetupTimerInterrupt) refers to system_stm32l4xx.o(.data) for SystemCoreClock
    port.o(i.vPortValidateInterruptPriority) refers to port.o(.emb_text) for vPortGetIPSR
    port.o(i.vPortValidateInterruptPriority) refers to port.o(.data) for .data
    port.o(i.xPortStartScheduler) refers to port.o(i.vPortSetupTimerInterrupt) for vPortSetupTimerInterrupt
    port.o(i.xPortStartScheduler) refers to port.o(.emb_text) for __asm___6_port_c_39a90d8d__prvEnableVFP
    port.o(i.xPortStartScheduler) refers to port.o(.data) for .data
    port.o(i.xPortSysTickHandler) refers to tasks.o(i.xTaskIncrementTick) for xTaskIncrementTick
    queue.o(i.pcQueueGetName) refers to queue.o(.bss) for .bss
    queue.o(i.prvCopyDataFromQueue) refers to memcpya.o(.text) for __aeabi_memcpy
    queue.o(i.prvCopyDataToQueue) refers to memcpya.o(.text) for __aeabi_memcpy
    queue.o(i.prvCopyDataToQueue) refers to tasks.o(i.xTaskPriorityDisinherit) for xTaskPriorityDisinherit
    queue.o(i.prvIsQueueEmpty) refers to port.o(i.vPortEnterCritical) for vPortEnterCritical
    queue.o(i.prvIsQueueEmpty) refers to port.o(i.vPortExitCritical) for vPortExitCritical
    queue.o(i.prvUnlockQueue) refers to port.o(i.vPortEnterCritical) for vPortEnterCritical
    queue.o(i.prvUnlockQueue) refers to tasks.o(i.xTaskRemoveFromEventList) for xTaskRemoveFromEventList
    queue.o(i.prvUnlockQueue) refers to tasks.o(i.vTaskMissedYield) for vTaskMissedYield
    queue.o(i.prvUnlockQueue) refers to port.o(i.vPortExitCritical) for vPortExitCritical
    queue.o(i.uxQueueMessagesWaiting) refers to port.o(i.vPortEnterCritical) for vPortEnterCritical
    queue.o(i.uxQueueMessagesWaiting) refers to port.o(i.vPortExitCritical) for vPortExitCritical
    queue.o(i.uxQueueSpacesAvailable) refers to port.o(i.vPortEnterCritical) for vPortEnterCritical
    queue.o(i.uxQueueSpacesAvailable) refers to port.o(i.vPortExitCritical) for vPortExitCritical
    queue.o(i.vQueueAddToRegistry) refers to queue.o(.bss) for .bss
    queue.o(i.vQueueDelete) refers to queue.o(i.vQueueUnregisterQueue) for vQueueUnregisterQueue
    queue.o(i.vQueueDelete) refers to heap_4.o(i.vPortFree) for vPortFree
    queue.o(i.vQueueUnregisterQueue) refers to queue.o(.bss) for .bss
    queue.o(i.xQueueCreateCountingSemaphore) refers to queue.o(i.xQueueGenericCreate) for xQueueGenericCreate
    queue.o(i.xQueueCreateMutex) refers to queue.o(i.xQueueGenericCreate) for xQueueGenericCreate
    queue.o(i.xQueueCreateMutex) refers to queue.o(i.xQueueGenericSend) for xQueueGenericSend
    queue.o(i.xQueueGenericCreate) refers to heap_4.o(i.pvPortMalloc) for pvPortMalloc
    queue.o(i.xQueueGenericCreate) refers to queue.o(i.xQueueGenericReset) for xQueueGenericReset
    queue.o(i.xQueueGenericReset) refers to port.o(i.vPortEnterCritical) for vPortEnterCritical
    queue.o(i.xQueueGenericReset) refers to list.o(i.vListInitialise) for vListInitialise
[...]
    ../clib/microlib/division.c              0x00000000   Number         0  uidiv.o ABSOLUTE
    ../clib/microlib/init/entry.s            0x00000000   Number         0  entry11a.o ABSOLUTE
    ../clib/microlib/init/entry.s            0x00000000   Number         0  entry10b.o ABSOLUTE
    ../clib/microlib/init/entry.s            0x00000000   Number         0  entry10a.o ABSOLUTE
    ../clib/microlib/init/entry.s            0x00000000   Number         0  entry9b.o ABSOLUTE
    ../clib/microlib/init/entry.s            0x00000000   Number         0  entry5.o ABSOLUTE
    ../clib/microlib/init/entry.s            0x00000000   Number         0  entry11b.o ABSOLUTE
    ../clib/microlib/init/entry.s            0x00000000   Number         0  entry7a.o ABSOLUTE
    ../clib/microlib/init/entry.s            0x00000000   Number         0  entry7b.o ABSOLUTE
    ../clib/microlib/init/entry.s            0x00000000   Number         0  entry.o ABSOLUTE
    ../clib/microlib/init/entry.s            0x00000000   Number         0  entry8a.o ABSOLUTE
    ../clib/microlib/init/entry.s            0x00000000   Number         0  entry8b.o ABSOLUTE
    ../clib/microlib/init/entry.s            0x00000000   Number         0  entry9a.o ABSOLUTE
    ../clib/microlib/init/entry.s            0x00000000   Number         0  entry2.o ABSOLUTE
    ../clib/microlib/longlong.c              0x00000000   Number         0  llsshr.o ABSOLUTE
    ../clib/microlib/longlong.c              0x00000000   Number         0  llshl.o ABSOLUTE
    ../clib/microlib/longlong.c              0x00000000   Number         0  llushr.o ABSOLUTE
    ../clib/microlib/printf/printf.c         0x00000000   Number         0  printf1.o ABSOLUTE
    ../clib/microlib/printf/printf.c         0x00000000   Number         0  printfa.o ABSOLUTE
    ../clib/microlib/printf/printf.c         0x00000000   Number         0  printf8.o ABSOLUTE
    ../clib/microlib/printf/printf.c         0x00000000   Number         0  printf7.o ABSOLUTE
    ../clib/microlib/printf/printf.c         0x00000000   Number         0  printf6.o ABSOLUTE
    ../clib/microlib/printf/printf.c         0x00000000   Number         0  printf5.o ABSOLUTE
    ../clib/microlib/printf/printf.c         0x00000000   Number         0  printf4.o ABSOLUTE
    ../clib/microlib/printf/printf.c         0x00000000   Number         0  printf3.o ABSOLUTE
    ../clib/microlib/printf/printf.c         0x00000000   Number         0  printf2.o ABSOLUTE
    ../clib/microlib/printf/printf.c         0x00000000   Number         0  printf0.o ABSOLUTE
    ../clib/microlib/printf/printf.c         0x00000000   Number         0  printfb.o ABSOLUTE
    ../clib/microlib/printf/stubs.s          0x00000000   Number         0  stubs.o ABSOLUTE
    ../clib/microlib/stdio/fputc.c           0x00000000   Number         0  fputc.o ABSOLUTE
    ../clib/microlib/stdio/semi.s            0x00000000   Number         0  semi.o ABSOLUTE
    ../clib/microlib/stdio/streams.c         0x00000000   Number         0  stdout.o ABSOLUTE
    ../clib/microlib/string/memcpy.c         0x00000000   Number         0  memcpya.o ABSOLUTE
    ../clib/microlib/string/memcpy.c         0x00000000   Number         0  memcpyb.o ABSOLUTE
    ../clib/microlib/string/memset.c         0x00000000   Number         0  memseta.o ABSOLUTE
    ../clib/microlib/stubs.s                 0x00000000   Number         0  iusefp.o ABSOLUTE
    ../clib/microlib/stubs.s                 0x00000000   Number         0  iusesemip.o ABSOLUTE
    ../fplib/microlib/fpadd.c                0x00000000   Number         0  dadd.o ABSOLUTE
    ../fplib/microlib/fpdiv.c                0x00000000   Number         0  ddiv.o ABSOLUTE
    ../fplib/microlib/fpepilogue.c           0x00000000   Number         0  depilogue.o ABSOLUTE
    ../fplib/microlib/fpfix.c                0x00000000   Number         0  dfixul.o ABSOLUTE
    ../fplib/microlib/fpfix.c                0x00000000   Number         0  dfixui.o ABSOLUTE
    ../fplib/microlib/fpflt.c                0x00000000   Number         0  dfltui.o ABSOLUTE
    ../fplib/microlib/fpmul.c                0x00000000   Number         0  dmul.o ABSOLUTE
    ..\..\..\..\..\..\Drivers\BSP\STM32L476G-Discovery\stm32l476g_discovery.c 0x00000000   Number         0  stm32l476g_discovery.o ABSOLUTE
    ..\..\..\..\..\..\Drivers\BSP\STM32L476G-Discovery\stm32l476g_discovery_glass_lcd.c 0x00000000   Number         0  stm32l476g_discovery_glass_lcd.o ABSOLUTE
    ..\..\..\..\..\..\Drivers\STM32L4xx_HAL_Driver\Src\stm32l4xx_hal.c 0x00000000   Number         0  stm32l4xx_hal.o ABSOLUTE
    ..\..\..\..\..\..\Drivers\STM32L4xx_HAL_Driver\Src\stm32l4xx_hal_cortex.c 0x00000000   Number         0  stm32l4xx_hal_cortex.o ABSOLUTE
    ..\..\..\..\..\..\Drivers\STM32L4xx_HAL_Driver\Src\stm32l4xx_hal_dma.c 0x00000000   Number         0  stm32l4xx_hal_dma.o ABSOLUTE
    ..\..\..\..\..\..\Drivers\STM32L4xx_HAL_Driver\Src\stm32l4xx_hal_gpio.c 0x00000000   Number         0  stm32l4xx_hal_gpio.o ABSOLUTE
    ..\..\..\..\..\..\Drivers\STM32L4xx_HAL_Driver\Src\stm32l4xx_hal_lcd.c 0x00000000   Number         0  stm32l4xx_hal_lcd.o ABSOLUTE
    ..\..\..\..\..\..\Drivers\STM32L4xx_HAL_Driver\Src\stm32l4xx_hal_pwr.c 0x00000000   Number         0  stm32l4xx_hal_pwr.o ABSOLUTE
    ..\..\..\..\..\..\Drivers\STM32L4xx_HAL_Driver\Src\stm32l4xx_hal_pwr_ex.c 0x00000000   Number         0  stm32l4xx_hal_pwr_ex.o ABSOLUTE
    ..\..\..\..\..\..\Drivers\STM32L4xx_HAL_Driver\Src\stm32l4xx_hal_rcc.c 0x00000000   Number         0  stm32l4xx_hal_rcc.o ABSOLUTE
    ..\..\..\..\..\..\Drivers\STM32L4xx_HAL_Driver\Src\stm32l4xx_hal_rcc_ex.c 0x00000000   Number         0  stm32l4xx_hal_rcc_ex.o ABSOLUTE
    ..\..\..\..\..\..\Drivers\STM32L4xx_HAL_Driver\Src\stm32l4xx_hal_tim.c 0x00000000   Number         0  stm32l4xx_hal_tim.o ABSOLUTE
    ..\..\..\..\..\..\Drivers\STM32L4xx_HAL_Driver\Src\stm32l4xx_hal_tim_ex.c 0x00000000   Number         0  stm32l4xx_hal_tim_ex.o ABSOLUTE
    ..\..\..\..\..\..\Middlewares\Third_Party\FreeRTOS\Source\CMSIS_RTOS\cmsis_os.c 0x00000000   Number         0  cmsis_os.o ABSOLUTE
    ..\..\..\..\..\..\Middlewares\Third_Party\FreeRTOS\Source\portable\RVDS\ARM_CM4F\port.c 0x00000000   Number         0  port.o ABSOLUTE
    ..\Src\main.c                            0x00000000   Number         0  main.o ABSOLUTE
    ..\Src\stm32l4xx_hal_timebase_tim.c      0x00000000   Number         0  stm32l4xx_hal_timebase_tim.o ABSOLUTE
    ..\Src\stm32l4xx_it.c                    0x00000000   Number         0  stm32l4xx_it.o ABSOLUTE
    ..\Src\system_stm32l4xx.c                0x00000000   Number         0  system_stm32l4xx.o ABSOLUTE
    ..\\..\\..\\..\\..\\..\\Drivers\\BSP\\STM32L476G-Discovery\\stm32l476g_discovery_glass_lcd.c 0x00000000   Number         0  stm32l476g_discovery_glass_lcd.o ABSOLUTE
    ..\\..\\..\\..\\..\\..\\Drivers\\STM32L4xx_HAL_Driver\\Src\\stm32l4xx_hal_lcd.c 0x00000000   Number         0  stm32l4xx_hal_lcd.o ABSOLUTE
    cdcmple.s                                0x00000000   Number         0  cdcmple.o ABSOLUTE
    cdrcmple.s                               0x00000000   Number         0  cdrcmple.o ABSOLUTE
    dc.s                                     0x00000000   Number         0  dc.o ABSOLUTE
    handlers.s                               0x00000000   Number         0  handlers.o ABSOLUTE
    init.s                                   0x00000000   Number         0  init.o ABSOLUTE
    startup_stm32l476xx.s                    0x00000000   Number         0  startup_stm32l476xx.o ABSOLUTE
    RESET                                    0x08000000   Section      392  startup_stm32l476xx.o(RESET)
    .ARM.Collect$$$$00000000                 0x08000188   Section        0  entry.o(.ARM.Collect$$$$00000000)
    .ARM.Collect$$$$00000001                 0x08000188   Section        4  entry2.o(.ARM.Collect$$$$00000001)
    .ARM.Collect$$$$00000004                 0x0800018c   Section        4  entry5.o(.ARM.Collect$$$$00000004)
    .ARM.Collect$$$$00000008                 0x08000190   Section        0  entry7b.o(.ARM.Collect$$$$00000008)
    .ARM.Collect$$$$0000000A                 0x08000190   Section        0  entry8b.o(.ARM.Collect$$$$0000000A)
    .ARM.Collect$$$$0000000B                 0x08000190   Section        8  entry9a.o(.ARM.Collect$$$$0000000B)
    .ARM.Collect$$$$0000000D                 0x08000198   Section        0  entry10a.o(.ARM.Collect$$$$0000000D)
    .ARM.Collect$$$$0000000F                 0x08000198   Section        0  entry11a.o(.ARM.Collect$$$$0000000F)
    .ARM.Collect$$$$00002712                 0x08000198   Section        4  entry2.o(.ARM.Collect$$$$00002712)
    __lit__00000000                          0x08000198   Data           4  entry2.o(.ARM.Collect$$$$00002712)
    .emb_text                                0x0800019c   Section      190  port.o(.emb_text)
    $v0                                      0x0800019c   Number         0  port.o(.emb_text)
    .text                                    0x0800027c   Section       36  startup_stm32l476xx.o(.text)
    $v0                                      0x0800027c   Number         0  startup_stm32l476xx.o(.text)
    .text                                    0x080002a0   Section        0  memcpya.o(.text)
    .text                                    0x080002c4   Section        0  memseta.o(.text)
    .text                                    0x080002e8   Section        0  dmul.o(.text)
    .text                                    0x080003d2   Section        0  ddiv.o(.text)
    .text                                    0x080004b0   Section        0  dfltui.o(.text)
    .text                                    0x080004ca   Section        0  dfixui.o(.text)
    .text                                    0x080004fc   Section       48  cdcmple.o(.text)
    .text                                    0x0800052c   Section        0  uidiv.o(.text)
    .text                                    0x08000558   Section        0  llushr.o(.text)
    .text                                    0x08000578   Section        0  iusefp.o(.text)
    .text                                    0x08000578   Section        0  depilogue.o(.text)
    .text                                    0x08000634   Section       36  init.o(.text)
    .text                                    0x08000658   Section        0  llshl.o(.text)
    i.BSP_LCD_GLASS_Clear                    0x08000678   Section        0  stm32l476g_discovery_glass_lcd.o(i.BSP_LCD_GLASS_Clear)
    i.BSP_LCD_GLASS_DisplayString            0x08000684   Section        0  stm32l476g_discovery_glass_lcd.o(i.BSP_LCD_GLASS_DisplayString)
    i.BSP_LCD_GLASS_Init                     0x080006b4   Section        0  stm32l476g_discovery_glass_lcd.o(i.BSP_LCD_GLASS_Init)
    i.BSP_LED_Init                           0x08000700   Section        0  stm32l476g_discovery.o(i.BSP_LED_Init)
    i.BSP_LED_Off                            0x08000770   Section        0  stm32l476g_discovery.o(i.BSP_LED_Off)
    i.BSP_LED_On                             0x0800078c   Section        0  stm32l476g_discovery.o(i.BSP_LED_On)
    i.BSP_LED_Toggle                         0x080007a8   Section        0  stm32l476g_discovery.o(i.BSP_LED_Toggle)
    i.BusFault_Handler                       0x080007c0   Section        0  stm32l4xx_it.o(i.BusFault_Handler)
    i.ClkMgr_Thread                          0x080007c4   Section        0  main.o(i.ClkMgr_Thread)
    ClkMgr_Thread                            0x080007c5   Thumb Code   108  main.o(i.ClkMgr_Thread)
    i.Convert                                0x08000848   Section        0  stm32l476g_discovery_glass_lcd.o(i.Convert)
    Convert                                  0x08000849   Thumb Code   254  stm32l476g_discovery_glass_lcd.o(i.Convert)
    i.DebugMon_Handler                       0x08000950   Section        0  stm32l4xx_it.o(i.DebugMon_Handler)
    i.EXTI0_IRQHandler                       0x08000952   Section        0  stm32l4xx_it.o(i.EXTI0_IRQHandler)
    i.HAL_Delay                              0x08000958   Section        0  stm32l4xx_hal.o(i.HAL_Delay)
    i.HAL_GPIO_EXTI_Callback                 0x0800097c   Section        0  main.o(i.HAL_GPIO_EXTI_Callback)
    i.HAL_GPIO_EXTI_IRQHandler               0x0800099c   Section        0  stm32l4xx_hal_gpio.o(i.HAL_GPIO_EXTI_IRQHandler)
    i.HAL_GPIO_Init                          0x080009b4   Section        0  stm32l4xx_hal_gpio.o(i.HAL_GPIO_Init)
    i.HAL_GPIO_TogglePin                     0x08000b7e   Section        0  stm32l4xx_hal_gpio.o(i.HAL_GPIO_TogglePin)
    i.HAL_GPIO_WritePin                      0x08000b8c   Section        0  stm32l4xx_hal_gpio.o(i.HAL_GPIO_WritePin)
    i.HAL_GetTick                            0x08000b98   Section        0  stm32l4xx_hal.o(i.HAL_GetTick)
    i.HAL_IncTick                            0x08000ba4   Section        0  stm32l4xx_hal.o(i.HAL_IncTick)
    i.HAL_Init                               0x08000bb4   Section        0  stm32l4xx_hal.o(i.HAL_Init)
    i.HAL_InitTick                           0x08000bd4   Section        0  stm32l4xx_hal_timebase_tim.o(i.HAL_InitTick)
    i.HAL_LCD_Clear                          0x08000c54   Section        0  stm32l4xx_hal_lcd.o(i.HAL_LCD_Clear)
    i.HAL_LCD_Init                           0x08000cd0   Section        0  stm32l4xx_hal_lcd.o(i.HAL_LCD_Init)
    i.HAL_LCD_MspInit                        0x08000dd0   Section        0  stm32l4xx_hal_lcd.o(i.HAL_LCD_MspInit)
    i.HAL_LCD_UpdateDisplayRequest           0x08000dd2   Section        0  stm32l4xx_hal_lcd.o(i.HAL_LCD_UpdateDisplayRequest)
    i.HAL_LCD_Write                          0x08000e28   Section        0  stm32l4xx_hal_lcd.o(i.HAL_LCD_Write)
    i.HAL_MspInit                            0x08000eac   Section        0  stm32l4xx_hal.o(i.HAL_MspInit)
    i.HAL_NVIC_EnableIRQ                     0x08000eae   Section        0  stm32l4xx_hal_cortex.o(i.HAL_NVIC_EnableIRQ)
    i.HAL_NVIC_SetPriority                   0x08000ec8   Section        0  stm32l4xx_hal_cortex.o(i.HAL_NVIC_SetPriority)
    i.HAL_NVIC_SetPriorityGrouping           0x08000f08   Section        0  stm32l4xx_hal_cortex.o(i.HAL_NVIC_SetPriorityGrouping)
    i.HAL_PWREx_ControlVoltageScaling        0x08000f2c   Section        0  stm32l4xx_hal_pwr_ex.o(i.HAL_PWREx_ControlVoltageScaling)
    i.HAL_PWREx_GetVoltageRange              0x08000f94   Section        0  stm32l4xx_hal_pwr_ex.o(i.HAL_PWREx_GetVoltageRange)
    i.HAL_RCCEx_PeriphCLKConfig              0x08000fa4   Section        0  stm32l4xx_hal_rcc_ex.o(i.HAL_RCCEx_PeriphCLKConfig)
    i.HAL_RCC_ClockConfig                    0x08001354   Section        0  stm32l4xx_hal_rcc.o(i.HAL_RCC_ClockConfig)
    i.HAL_RCC_GetClockConfig                 0x08001474   Section        0  stm32l4xx_hal_rcc.o(i.HAL_RCC_GetClockConfig)
    i.HAL_RCC_GetPCLK1Freq                   0x080014b4   Section        0  stm32l4xx_hal_rcc.o(i.HAL_RCC_GetPCLK1Freq)
    i.HAL_RCC_GetSysClockFreq                0x080014d8   Section        0  stm32l4xx_hal_rcc.o(i.HAL_RCC_GetSysClockFreq)
    i.HAL_RCC_OscConfig                      0x0800157c   Section        0  stm32l4xx_hal_rcc.o(i.HAL_RCC_OscConfig)
    i.HAL_TIMEx_Break2Callback               0x08001aa4   Section        0  stm32l4xx_hal_tim_ex.o(i.HAL_TIMEx_Break2Callback)
    i.HAL_TIMEx_BreakCallback                0x08001aa6   Section        0  stm32l4xx_hal_tim_ex.o(i.HAL_TIMEx_BreakCallback)
    i.HAL_TIMEx_CommutCallback               0x08001aa8   Section        0  stm32l4xx_hal_tim_ex.o(i.HAL_TIMEx_CommutCallback)
    i.HAL_TIM_Base_Init                      0x08001aaa   Section        0  stm32l4xx_hal_tim.o(i.HAL_TIM_Base_Init)
    i.HAL_TIM_Base_MspInit                   0x08001ae0   Section        0  stm32l4xx_hal_tim.o(i.HAL_TIM_Base_MspInit)
    i.HAL_TIM_Base_Start_IT                  0x08001ae4   Section        0  stm32l4xx_hal_tim.o(i.HAL_TIM_Base_Start_IT)
    i.HAL_TIM_IC_CaptureCallback             0x08001b10   Section        0  stm32l4xx_hal_tim.o(i.HAL_TIM_IC_CaptureCallback)
    i.HAL_TIM_IRQHandler                     0x08001b12   Section        0  stm32l4xx_hal_tim.o(i.HAL_TIM_IRQHandler)
    i.HAL_TIM_OC_DelayElapsedCallback        0x08001c96   Section        0  stm32l4xx_hal_tim.o(i.HAL_TIM_OC_DelayElapsedCallback)
    i.HAL_TIM_PWM_PulseFinishedCallback      0x08001c98   Section        0  stm32l4xx_hal_tim.o(i.HAL_TIM_PWM_PulseFinishedCallback)
    i.HAL_TIM_PeriodElapsedCallback          0x08001c9a   Section        0  stm32l4xx_hal_timebase_tim.o(i.HAL_TIM_PeriodElapsedCallback)
    i.HAL_TIM_TriggerCallback                0x08001c9e   Section        0  stm32l4xx_hal_tim.o(i.HAL_TIM_TriggerCallback)
    i.HardFault_Handler                      0x08001ca0   Section        0  stm32l4xx_it.o(i.HardFault_Handler)
    i.LCD_MspInit                            0x08001ca4   Section        0  stm32l476g_discovery_glass_lcd.o(i.LCD_MspInit)
    LCD_MspInit                              0x08001ca5   Thumb Code   246  stm32l476g_discovery_glass_lcd.o(i.LCD_MspInit)
    i.LCD_Thread                             0x08001dac   Section        0  main.o(i.LCD_Thread)
    LCD_Thread                               0x08001dad   Thumb Code    98  main.o(i.LCD_Thread)
    i.LCD_WaitForSynchro                     0x08001e24   Section        0  stm32l4xx_hal_lcd.o(i.LCD_WaitForSynchro)
    i.LED_Thread                             0x08001e54   Section        0  main.o(i.LED_Thread)
    LED_Thread                               0x08001e55   Thumb Code   106  main.o(i.LED_Thread)
    i.MemManage_Handler                      0x08001ed4   Section        0  stm32l4xx_it.o(i.MemManage_Handler)
    i.NMI_Handler                            0x08001ed6   Section        0  stm32l4xx_it.o(i.NMI_Handler)
    i.PPSTest_Thread                         0x08001ed8   Section        0  main.o(i.PPSTest_Thread)
    PPSTest_Thread                           0x08001ed9   Thumb Code    42  main.o(i.PPSTest_Thread)
    i.PPS_Thread                             0x08001f08   Section        0  main.o(i.PPS_Thread)
    PPS_Thread                               0x08001f09   Thumb Code   318  main.o(i.PPS_Thread)
    i.RCCEx_PLLSAI1_Config                   0x08002058   Section        0  stm32l4xx_hal_rcc_ex.o(i.RCCEx_PLLSAI1_Config)
    RCCEx_PLLSAI1_Config                     0x08002059   Thumb Code   278  stm32l4xx_hal_rcc_ex.o(i.RCCEx_PLLSAI1_Config)
    i.RCCEx_PLLSAI2_Config                   0x08002184   Section        0  stm32l4xx_hal_rcc_ex.o(i.RCCEx_PLLSAI2_Config)
    RCCEx_PLLSAI2_Config                     0x08002185   Thumb Code   250  stm32l4xx_hal_rcc_ex.o(i.RCCEx_PLLSAI2_Config)
    i.RCC_SetFlashLatencyFromMSIRange        0x0800228c   Section        0  stm32l4xx_hal_rcc.o(i.RCC_SetFlashLatencyFromMSIRange)
    RCC_SetFlashLatencyFromMSIRange          0x0800228d   Thumb Code   116  stm32l4xx_hal_rcc.o(i.RCC_SetFlashLatencyFromMSIRange)
    i.SysTick_Handler                        0x08002308   Section        0  stm32l4xx_it.o(i.SysTick_Handler)
    i.SystemClock_Config                     0x0800230c   Section        0  main.o(i.SystemClock_Config)
    i.SystemInit                             0x08002380   Section        0  system_stm32l4xx.o(i.SystemInit)
    i.TIM6_DAC_IRQHandler                    0x080023c4   Section        0  stm32l4xx_hal_timebase_tim.o(i.TIM6_DAC_IRQHandler)
    i.TIM_Base_SetConfig                     0x080023d0   Section        0  stm32l4xx_hal_tim.o(i.TIM_Base_SetConfig)
    i.UsageFault_Handler                     0x08002490   Section        0  stm32l4xx_it.o(i.UsageFault_Handler)
    i.WriteChar                              0x08002494   Section        0  stm32l476g_discovery_glass_lcd.o(i.WriteChar)
    WriteChar                                0x08002495   Thumb Code  1114  stm32l476g_discovery_glass_lcd.o(i.WriteChar)
    i.__0sprintf$1                           0x080028f4   Section        0  printf1.o(i.__0sprintf$1)
    i.__NVIC_SetPriority                     0x0800291c   Section        0  stm32l4xx_hal_cortex.o(i.__NVIC_SetPriority)
    __NVIC_SetPriority                       0x0800291d   Thumb Code    32  stm32l4xx_hal_cortex.o(i.__NVIC_SetPriority)
    i.__scatterload_copy                     0x0800293c   Section       14  handlers.o(i.__scatterload_copy)
    i.__scatterload_null                     0x0800294a   Section        2  handlers.o(i.__scatterload_null)
    i.__scatterload_zeroinit                 0x0800294c   Section       14  handlers.o(i.__scatterload_zeroinit)
    i._printf_core                           0x0800295c   Section        0  printf1.o(i._printf_core)
    _printf_core                             0x0800295d   Thumb Code   336  printf1.o(i._printf_core)
    i._sputc                                 0x08002ab6   Section        0  printf1.o(i._sputc)
    _sputc                                   0x08002ab7   Thumb Code    10  printf1.o(i._sputc)
    i.inHandlerMode                          0x08002ac0   Section        0  cmsis_os.o(i.inHandlerMode)
    inHandlerMode                            0x08002ac1   Thumb Code    12  cmsis_os.o(i.inHandlerMode)
    i.main                                   0x08002acc   Section        0  main.o(i.main)
    i.makeFreeRtosPriority                   0x08002c10   Section        0  cmsis_os.o(i.makeFreeRtosPriority)
    makeFreeRtosPriority                     0x08002c11   Thumb Code    12  cmsis_os.o(i.makeFreeRtosPriority)
    i.osDelayUntil                           0x08002c1c   Section        0  cmsis_os.o(i.osDelayUntil)
    i.osKernelStart                          0x08002c2a   Section        0  cmsis_os.o(i.osKernelStart)
    i.osKernelSysTick                        0x08002c34   Section        0  cmsis_os.o(i.osKernelSysTick)
    i.osSemaphoreCreate                      0x08002c4c   Section        0  cmsis_os.o(i.osSemaphoreCreate)
    i.osSemaphoreRelease                     0x08002c78   Section        0  cmsis_os.o(i.osSemaphoreRelease)
    i.osSemaphoreWait                        0x08002cc8   Section        0  cmsis_os.o(i.osSemaphoreWait)
    i.osSystickHandler                       0x08002d2c   Section        0  cmsis_os.o(i.osSystickHandler)
    i.osThreadCreate                         0x08002d40   Section        0  cmsis_os.o(i.osThreadCreate)
    i.prvAddCurrentTaskToDelayedList         0x08002d70   Section        0  tasks.o(i.prvAddCurrentTaskToDelayedList)
    prvAddCurrentTaskToDelayedList           0x08002d71   Thumb Code   102  tasks.o(i.prvAddCurrentTaskToDelayedList)
    i.prvAddNewTaskToReadyList               0x08002de0   Section        0  tasks.o(i.prvAddNewTaskToReadyList)
    prvAddNewTaskToReadyList                 0x08002de1   Thumb Code   196  tasks.o(i.prvAddNewTaskToReadyList)
    i.prvCopyDataFromQueue                   0x08002eb0   Section        0  queue.o(i.prvCopyDataFromQueue)
    prvCopyDataFromQueue                     0x08002eb1   Thumb Code    38  queue.o(i.prvCopyDataFromQueue)
    i.prvCopyDataToQueue                     0x08002ed6   Section        0  queue.o(i.prvCopyDataToQueue)
    prvCopyDataToQueue                       0x08002ed7   Thumb Code   108  queue.o(i.prvCopyDataToQueue)
    i.prvDeleteTCB                           0x08002f42   Section        0  tasks.o(i.prvDeleteTCB)
    prvDeleteTCB                             0x08002f43   Thumb Code    20  tasks.o(i.prvDeleteTCB)
    i.prvHeapInit                            0x08002f58   Section        0  heap_4.o(i.prvHeapInit)
    prvHeapInit                              0x08002f59   Thumb Code    66  heap_4.o(i.prvHeapInit)
    i.prvIdleTask                            0x08002fa4   Section        0  tasks.o(i.prvIdleTask)
    prvIdleTask                              0x08002fa5   Thumb Code    82  tasks.o(i.prvIdleTask)
    i.prvInitialiseNewTask                   0x08003004   Section        0  tasks.o(i.prvInitialiseNewTask)
    prvInitialiseNewTask                     0x08003005   Thumb Code   176  tasks.o(i.prvInitialiseNewTask)
    i.prvInsertBlockIntoFreeList             0x080030bc   Section        0  heap_4.o(i.prvInsertBlockIntoFreeList)
    prvInsertBlockIntoFreeList               0x080030bd   Thumb Code    72  heap_4.o(i.prvInsertBlockIntoFreeList)
    i.prvIsQueueEmpty                        0x08003108   Section        0  queue.o(i.prvIsQueueEmpty)
    prvIsQueueEmpty                          0x08003109   Thumb Code    28  queue.o(i.prvIsQueueEmpty)
    i.prvResetNextTaskUnblockTime            0x08003124   Section        0  tasks.o(i.prvResetNextTaskUnblockTime)
    prvResetNextTaskUnblockTime              0x08003125   Thumb Code    26  tasks.o(i.prvResetNextTaskUnblockTime)
    i.prvTaskExitError                       0x08003144   Section        0  port.o(i.prvTaskExitError)
    prvTaskExitError                         0x08003145   Thumb Code    36  port.o(i.prvTaskExitError)
    i.prvUnlockQueue                         0x0800316c   Section        0  queue.o(i.prvUnlockQueue)
    prvUnlockQueue                           0x0800316d   Thumb Code   106  queue.o(i.prvUnlockQueue)
    i.pvPortMalloc                           0x080031d8   Section        0  heap_4.o(i.pvPortMalloc)
    i.pvTaskIncrementMutexHeldCount          0x080032b0   Section        0  tasks.o(i.pvTaskIncrementMutexHeldCount)
    i.pxPortInitialiseStack                  0x080032c8   Section        0  port.o(i.pxPortInitialiseStack)
    i.uxListRemove                           0x080032f4   Section        0  list.o(i.uxListRemove)
    i.vListInitialise                        0x0800331a   Section        0  list.o(i.vListInitialise)
    i.vListInitialiseItem                    0x08003330   Section        0  list.o(i.vListInitialiseItem)
    i.vListInsert                            0x08003336   Section        0  list.o(i.vListInsert)
    i.vListInsertEnd                         0x08003366   Section        0  list.o(i.vListInsertEnd)
    i.vPortEnterCritical                     0x08003380   Section        0  port.o(i.vPortEnterCritical)
    i.vPortExitCritical                      0x080033c0   Section        0  port.o(i.vPortExitCritical)
    i.vPortFree                              0x080033e8   Section        0  heap_4.o(i.vPortFree)
    i.vPortSetupTimerInterrupt               0x08003444   Section        0  port.o(i.vPortSetupTimerInterrupt)
    i.vPortValidateInterruptPriority         0x08003468   Section        0  port.o(i.vPortValidateInterruptPriority)
    i.vTaskDelayUntil                        0x080034bc   Section        0  tasks.o(i.vTaskDelayUntil)
    i.vTaskInternalSetTimeOutState           0x08003548   Section        0  tasks.o(i.vTaskInternalSetTimeOutState)
    i.vTaskMissedYield                       0x08003558   Section        0  tasks.o(i.vTaskMissedYield)
    i.vTaskPlaceOnEventList                  0x08003564   Section        0  tasks.o(i.vTaskPlaceOnEventList)
    i.vTaskPriorityDisinheritAfterTimeout    0x08003594   Section        0  tasks.o(i.vTaskPriorityDisinheritAfterTimeout)
    i.vTaskStartScheduler                    0x0800363c   Section        0  tasks.o(i.vTaskStartScheduler)
    i.vTaskSuspendAll                        0x080036a4   Section        0  tasks.o(i.vTaskSuspendAll)
    i.vTaskSwitchContext                     0x080036b4   Section        0  tasks.o(i.vTaskSwitchContext)
    i.xPortStartScheduler                    0x08003710   Section        0  port.o(i.xPortStartScheduler)
    i.xPortSysTickHandler                    0x08003804   Section        0  port.o(i.xPortSysTickHandler)
    i.xQueueCreateCountingSemaphore          0x08003830   Section        0  queue.o(i.xQueueCreateCountingSemaphore)
    i.xQueueGenericCreate                    0x0800386a   Section        0  queue.o(i.xQueueGenericCreate)
    i.xQueueGenericReset                     0x080038bc   Section        0  queue.o(i.xQueueGenericReset)
    i.xQueueGenericSend                      0x08003944   Section        0  queue.o(i.xQueueGenericSend)
    i.xQueueGiveFromISR                      0x08003aa4   Section        0  queue.o(i.xQueueGiveFromISR)
    i.xQueueReceiveFromISR                   0x08003b40   Section        0  queue.o(i.xQueueReceiveFromISR)
    i.xQueueSemaphoreTake                    0x08003bdc   Section        0  queue.o(i.xQueueSemaphoreTake)
    i.xTaskCheckForTimeOut                   0x08003d54   Section        0  tasks.o(i.xTaskCheckForTimeOut)
    i.xTaskCreate                            0x08003dc8   Section        0  tasks.o(i.xTaskCreate)
    i.xTaskGetSchedulerState                 0x08003e24   Section        0  tasks.o(i.xTaskGetSchedulerState)
    i.xTaskGetTickCount                      0x08003e40   Section        0  tasks.o(i.xTaskGetTickCount)
    i.xTaskGetTickCountFromISR               0x08003e4c   Section        0  tasks.o(i.xTaskGetTickCountFromISR)
    i.xTaskIncrementTick                     0x08003e5c   Section        0  tasks.o(i.xTaskIncrementTick)
    i.xTaskPriorityDisinherit                0x08003f24   Section        0  tasks.o(i.xTaskPriorityDisinherit)
    i.xTaskPriorityInherit                   0x08003fbc   Section        0  tasks.o(i.xTaskPriorityInherit)
    i.xTaskRemoveFromEventList               0x08004050   Section        0  tasks.o(i.xTaskRemoveFromEventList)
    i.xTaskResumeAll                         0x080040c4   Section        0  tasks.o(i.xTaskResumeAll)
    .constdata                               0x08004188   Section       64  system_stm32l4xx.o(.constdata)
    .constdata                               0x080041c8   Section        8  system_stm32l4xx.o(.constdata)
    .constdata                               0x080041d0   Section       20  stm32l476g_discovery.o(.constdata)
    .constdata                               0x080041e4   Section       72  stm32l476g_discovery_glass_lcd.o(.constdata)
    .constdata                               0x0800422c   Section      108  main.o(.constdata)
    .conststring                             0x08004298   Section       28  main.o(.conststring)
    .data                                    0x20000000   Section        4  system_stm32l4xx.o(.data)
    .data                                    0x20000004   Section       24  heap_4.o(.data)
    pxEnd                                    0x20000004   Data           4  heap_4.o(.data)
    xFreeBytesRemaining                      0x20000008   Data           4  heap_4.o(.data)
    xMinimumEverFreeBytesRemaining           0x2000000c   Data           4  heap_4.o(.data)
    xBlockAllocatedBit                       0x20000010   Data           4  heap_4.o(.data)
    xStart                                   0x20000014   Data           8  heap_4.o(.data)
    .data                                    0x2000001c   Section       12  port.o(.data)
    ucMaxSysCallPriority                     0x2000001c   Data           1  port.o(.data)
    uxCriticalNesting                        0x20000020   Data           4  port.o(.data)
    ulMaxPRIGROUPValue                       0x20000024   Data           4  port.o(.data)
    .data                                    0x20000028   Section       60  tasks.o(.data)
    pxDelayedTaskList                        0x2000002c   Data           4  tasks.o(.data)
    pxOverflowDelayedTaskList                0x20000030   Data           4  tasks.o(.data)
    uxDeletedTasksWaitingCleanUp             0x20000034   Data           4  tasks.o(.data)
    uxCurrentNumberOfTasks                   0x20000038   Data           4  tasks.o(.data)
    xTickCount                               0x2000003c   Data           4  tasks.o(.data)
    uxTopReadyPriority                       0x20000040   Data           4  tasks.o(.data)
    xSchedulerRunning                        0x20000044   Data           4  tasks.o(.data)
    uxPendedTicks                            0x20000048   Data           4  tasks.o(.data)
    xYieldPending                            0x2000004c   Data           4  tasks.o(.data)
    xNumOfOverflows                          0x20000050   Data           4  tasks.o(.data)
    uxTaskNumber                             0x20000054   Data           4  tasks.o(.data)
    xNextTaskUnblockTime                     0x20000058   Data           4  tasks.o(.data)
    xIdleTaskHandle                          0x2000005c   Data           4  tasks.o(.data)
    uxSchedulerSuspended                     0x20000060   Data           4  tasks.o(.data)
    .data                                    0x20000064   Section       28  stm32l476g_discovery.o(.data)
    .data                                    0x20000080   Section       12  stm32l4xx_hal.o(.data)
    .data                                    0x2000008c   Section       40  main.o(.data)
    .bss                                     0x200000b4   Section    16384  heap_4.o(.bss)
    ucHeap                                   0x200000b4   Data       16384  heap_4.o(.bss)
    .bss                                     0x200040b4   Section      240  tasks.o(.bss)
    pxReadyTasksLists                        0x200040b4   Data         140  tasks.o(.bss)
    xDelayedTaskList1                        0x20004140   Data          20  tasks.o(.bss)
    xDelayedTaskList2                        0x20004154   Data          20  tasks.o(.bss)
    xPendingReadyList                        0x20004168   Data          20  tasks.o(.bss)
    xTasksWaitingTermination                 0x2000417c   Data          20  tasks.o(.bss)
    xSuspendedTaskList                       0x20004190   Data          20  tasks.o(.bss)
    .bss                                     0x200041a4   Section       76  stm32l476g_discovery_glass_lcd.o(.bss)
    .bss                                     0x200041f0   Section      152  main.o(.bss)
    .bss                                     0x20004288   Section       64  stm32l4xx_hal_timebase_tim.o(.bss)
    STACK                                    0x200042c8   Section     1024  startup_stm32l476xx.o(STACK)

    Global Symbols

    Symbol Name                              Value     Ov Type        Size  Object(Section)

    BuildAttributes$$THM_ISAv4$E$P$D$K$B$S$7EM$VFPi3$EXTD16$VFPS$VFMA$PE$A:L22UL41UL21$X:L11$S22US41US21$IEEE1$IW$USESV6$~STKCKD$USESV7$~SHL$OSPACE$ROPI$EBA8$MICROLIB$REQ8$PRES8$EABIv2 0x00000000   Number         0  anon$$obj.o ABSOLUTE
    __ARM_use_no_argv                        0x00000000   Number         0  main.o ABSOLUTE
    _printf_a                                0x00000000   Number         0  stubs.o ABSOLUTE
    _printf_c                                0x00000000   Number         0  stubs.o ABSOLUTE
    _printf_charcount                        0x00000000   Number         0  stubs.o ABSOLUTE
    _printf_d                                0x00000000   Number         0  stubs.o ABSOLUTE
    _printf_e                                0x00000000   Number         0  stubs.o ABSOLUTE
    _printf_f                                0x00000000   Number         0  stubs.o ABSOLUTE
    _printf_flags                            0x00000000   Number         0  stubs.o ABSOLUTE
    _printf_fp_dec                           0x00000000   Number         0  stubs.o ABSOLUTE
    _printf_fp_hex                           0x00000000   Number         0  stubs.o ABSOLUTE
    _printf_g                                0x00000000   Number         0  stubs.o ABSOLUTE
    _printf_i                                0x00000000   Number         0  stubs.o ABSOLUTE
    _printf_int_dec                          0x00000000   Number         0  stubs.o ABSOLUTE
    _printf_l                                0x00000000   Number         0  stubs.o ABSOLUTE
    _printf_lc                               0x00000000   Number         0  stubs.o ABSOLUTE
    _printf_ll                               0x00000000   Number         0  stubs.o ABSOLUTE
    _printf_lld                              0x00000000   Number         0  stubs.o ABSOLUTE
    _printf_lli                              0x00000000   Number         0  stubs.o ABSOLUTE
    _printf_llo                              0x00000000   Number         0  stubs.o ABSOLUTE
    _printf_llu                              0x00000000   Number         0  stubs.o ABSOLUTE
    _printf_llx                              0x00000000   Number         0  stubs.o ABSOLUTE
    _printf_longlong_dec                     0x00000000   Number         0  stubs.o ABSOLUTE
    _printf_longlong_hex                     0x00000000   Number         0  stubs.o ABSOLUTE
    _printf_longlong_oct                     0x00000000   Number         0  stubs.o ABSOLUTE
    _printf_ls                               0x00000000   Number         0  stubs.o ABSOLUTE
    _printf_mbtowc                           0x00000000   Number         0  stubs.o ABSOLUTE
    _printf_n                                0x00000000   Number         0  stubs.o ABSOLUTE
    _printf_o                                0x00000000   Number         0  stubs.o ABSOLUTE
    _printf_p                                0x00000000   Number         0  stubs.o ABSOLUTE
    _printf_percent                          0x00000000   Number         0  stubs.o ABSOLUTE
    _printf_pre_padding                      0x00000000   Number         0  stubs.o ABSOLUTE
    _printf_return_value                     0x00000000   Number         0  stubs.o ABSOLUTE
    _printf_s                                0x00000000   Number         0  stubs.o ABSOLUTE
    _printf_sizespec                         0x00000000   Number         0  stubs.o ABSOLUTE
    _printf_str                              0x00000000   Number         0  stubs.o ABSOLUTE
    _printf_truncate_signed                  0x00000000   Number         0  stubs.o ABSOLUTE
    _printf_truncate_unsigned                0x00000000   Number         0  stubs.o ABSOLUTE
    _printf_u                                0x00000000   Number         0  stubs.o ABSOLUTE
    _printf_wc                               0x00000000   Number         0  stubs.o ABSOLUTE
    _printf_wctomb                           0x00000000   Number         0  stubs.o ABSOLUTE
    _printf_widthprec                        0x00000000   Number         0  stubs.o ABSOLUTE
    _printf_x                                0x00000000   Number         0  stubs.o ABSOLUTE
    __cpp_initialize__aeabi_                  - Undefined Weak Reference
    __cxa_finalize                            - Undefined Weak Reference
    __decompress                              - Undefined Weak Reference
    _clock_init                               - Undefined Weak Reference
    _microlib_exit                            - Undefined Weak Reference
    __Vectors_Size                           0x00000188   Number         0  startup_stm32l476xx.o ABSOLUTE
    __Vectors                                0x08000000   Data           4  startup_stm32l476xx.o(RESET)
    __Vectors_End                            0x08000188   Data           0  startup_stm32l476xx.o(RESET)
    __main                                   0x08000189   Thumb Code     0  entry.o(.ARM.Collect$$$$00000000)
    _main_stk                                0x08000189   Thumb Code     0  entry2.o(.ARM.Collect$$$$00000001)
    _main_scatterload                        0x0800018d   Thumb Code     0  entry5.o(.ARM.Collect$$$$00000004)
    __main_after_scatterload                 0x08000191   Thumb Code     0  entry5.o(.ARM.Collect$$$$00000004)
    _main_clock                              0x08000191   Thumb Code     0  entry7b.o(.ARM.Collect$$$$00000008)
    _main_cpp_init                           0x08000191   Thumb Code     0  entry8b.o(.ARM.Collect$$$$0000000A)
    _main_init                               0x08000191   Thumb Code     0  entry9a.o(.ARM.Collect$$$$0000000B)
    __rt_final_cpp                           0x08000199   Thumb Code     0  entry10a.o(.ARM.Collect$$$$0000000D)
    __rt_final_exit                          0x08000199   Thumb Code     0  entry11a.o(.ARM.Collect$$$$0000000F)
    SVC_Handler                              0x0800019d   Thumb Code    28  port.o(.emb_text)
    __asm___6_port_c_39a90d8d__prvStartFirstTask 0x080001bd   Thumb Code    36  port.o(.emb_text)
    __asm___6_port_c_39a90d8d__prvEnableVFP  0x080001e5   Thumb Code    16  port.o(.emb_text)
    PendSV_Handler                           0x080001f9   Thumb Code    88  port.o(.emb_text)
    vPortGetIPSR                             0x08000255   Thumb Code     6  port.o(.emb_text)
    Reset_Handler                            0x0800027d   Thumb Code     8  startup_stm32l476xx.o(.text)
    ADC1_2_IRQHandler                        0x08000297   Thumb Code     0  startup_stm32l476xx.o(.text)
    ADC3_IRQHandler                          0x08000297   Thumb Code     0  startup_stm32l476xx.o(.text)
    CAN1_RX0_IRQHandler                      0x08000297   Thumb Code     0  startup_stm32l476xx.o(.text)
    CAN1_RX1_IRQHandler                      0x08000297   Thumb Code     0  startup_stm32l476xx.o(.text)
    CAN1_SCE_IRQHandler                      0x08000297   Thumb Code     0  startup_stm32l476xx.o(.text)
    CAN1_TX_IRQHandler                       0x08000297   Thumb Code     0  startup_stm32l476xx.o(.text)
    COMP_IRQHandler                          0x08000297   Thumb Code     0  startup_stm32l476xx.o(.text)
    DFSDM1_FLT0_IRQHandler                   0x08000297   Thumb Code     0  startup_stm32l476xx.o(.text)
    DFSDM1_FLT1_IRQHandler                   0x08000297   Thumb Code     0  startup_stm32l476xx.o(.text)
    DFSDM1_FLT2_IRQHandler                   0x08000297   Thumb Code     0  startup_stm32l476xx.o(.text)
    DFSDM1_FLT3_IRQHandler                   0x08000297   Thumb Code     0  startup_stm32l476xx.o(.text)
    DMA1_Channel1_IRQHandler                 0x08000297   Thumb Code     0  startup_stm32l476xx.o(.text)
    DMA1_Channel2_IRQHandler                 0x08000297   Thumb Code     0  startup_stm32l476xx.o(.text)
    DMA1_Channel3_IRQHandler                 0x08000297   Thumb Code     0  startup_stm32l476xx.o(.text)
    DMA1_Channel4_IRQHandler                 0x08000297   Thumb Code     0  startup_stm32l476xx.o(.text)
    DMA1_Channel5_IRQHandler                 0x08000297   Thumb Code     0  startup_stm32l476xx.o(.text)
    DMA1_Channel6_IRQHandler                 0x08000297   Thumb Code     0  startup_stm32l476xx.o(.text)
    DMA1_Channel7_IRQHandler                 0x08000297   Thumb Code     0  startup_stm32l476xx.o(.text)
    DMA2_Channel1_IRQHandler                 0x08000297   Thumb Code     0  startup_stm32l476xx.o(.text)
    DMA2_Channel2_IRQHandler                 0x08000297   Thumb Code     0  startup_stm32l476xx.o(.text)
    DMA2_Channel3_IRQHandler                 0x08000297   Thumb Code     0  startup_stm32l476xx.o(.text)
    DMA2_Channel4_IRQHandler                 0x08000297   Thumb Code     0  startup_stm32l476xx.o(.text)
    DMA2_Channel5_IRQHandler                 0x08000297   Thumb Code     0  startup_stm32l476xx.o(.text)
    DMA2_Channel6_IRQHandler                 0x08000297   Thumb Code     0  startup_stm32l476xx.o(.text)
    DMA2_Channel7_IRQHandler                 0x08000297   Thumb Code     0  startup_stm32l476xx.o(.text)
    EXTI15_10_IRQHandler                     0x08000297   Thumb Code     0  startup_stm32l476xx.o(.text)
    EXTI1_IRQHandler                         0x08000297   Thumb Code     0  startup_stm32l476xx.o(.text)
    EXTI2_IRQHandler                         0x08000297   Thumb Code     0  startup_stm32l476xx.o(.text)
    EXTI3_IRQHandler                         0x08000297   Thumb Code     0  startup_stm32l476xx.o(.text)
    EXTI4_IRQHandler                         0x08000297   Thumb Code     0  startup_stm32l476xx.o(.text)
    EXTI9_5_IRQHandler                       0x08000297   Thumb Code     0  startup_stm32l476xx.o(.text)
    FLASH_IRQHandler                         0x08000297   Thumb Code     0  startup_stm32l476xx.o(.text)
    FMC_IRQHandler                           0x08000297   Thumb Code     0  startup_stm32l476xx.o(.text)
    FPU_IRQHandler                           0x08000297   Thumb Code     0  startup_stm32l476xx.o(.text)
    I2C1_ER_IRQHandler                       0x08000297   Thumb Code     0  startup_stm32l476xx.o(.text)
    I2C1_EV_IRQHandler                       0x08000297   Thumb Code     0  startup_stm32l476xx.o(.text)
    I2C2_ER_IRQHandler                       0x08000297   Thumb Code     0  startup_stm32l476xx.o(.text)
    I2C2_EV_IRQHandler                       0x08000297   Thumb Code     0  startup_stm32l476xx.o(.text)
    I2C3_ER_IRQHandler                       0x08000297   Thumb Code     0  startup_stm32l476xx.o(.text)
    I2C3_EV_IRQHandler                       0x08000297   Thumb Code     0  startup_stm32l476xx.o(.text)
    LCD_IRQHandler                           0x08000297   Thumb Code     0  startup_stm32l476xx.o(.text)
    LPTIM1_IRQHandler                        0x08000297   Thumb Code     0  startup_stm32l476xx.o(.text)
    LPTIM2_IRQHandler                        0x08000297   Thumb Code     0  startup_stm32l476xx.o(.text)
    LPUART1_IRQHandler                       0x08000297   Thumb Code     0  startup_stm32l476xx.o(.text)
    OTG_FS_IRQHandler                        0x08000297   Thumb Code     0  startup_stm32l476xx.o(.text)
    PVD_PVM_IRQHandler                       0x08000297   Thumb Code     0  startup_stm32l476xx.o(.text)
    QUADSPI_IRQHandler                       0x08000297   Thumb Code     0  startup_stm32l476xx.o(.text)
    RCC_IRQHandler                           0x08000297   Thumb Code     0  startup_stm32l476xx.o(.text)
    RNG_IRQHandler                           0x08000297   Thumb Code     0  startup_stm32l476xx.o(.text)
    RTC_Alarm_IRQHandler                     0x08000297   Thumb Code     0  startup_stm32l476xx.o(.text)
    RTC_WKUP_IRQHandler                      0x08000297   Thumb Code     0  startup_stm32l476xx.o(.text)
    SAI1_IRQHandler                          0x08000297   Thumb Code     0  startup_stm32l476xx.o(.text)
    SAI2_IRQHandler                          0x08000297   Thumb Code     0  startup_stm32l476xx.o(.text)
    SDMMC1_IRQHandler                        0x08000297   Thumb Code     0  startup_stm32l476xx.o(.text)
    SPI1_IRQHandler                          0x08000297   Thumb Code     0  startup_stm32l476xx.o(.text)
    SPI2_IRQHandler                          0x08000297   Thumb Code     0  startup_stm32l476xx.o(.text)
    SPI3_IRQHandler                          0x08000297   Thumb Code     0  startup_stm32l476xx.o(.text)
    SWPMI1_IRQHandler                        0x08000297   Thumb Code     0  startup_stm32l476xx.o(.text)
    TAMP_STAMP_IRQHandler                    0x08000297   Thumb Code     0  startup_stm32l476xx.o(.text)
    TIM1_BRK_TIM15_IRQHandler                0x08000297   Thumb Code     0  startup_stm32l476xx.o(.text)
    TIM1_CC_IRQHandler                       0x08000297   Thumb Code     0  startup_stm32l476xx.o(.text)
    TIM1_TRG_COM_TIM17_IRQHandler            0x08000297   Thumb Code     0  startup_stm32l476xx.o(.text)
    TIM1_UP_TIM16_IRQHandler                 0x08000297   Thumb Code     0  startup_stm32l476xx.o(.text)
    TIM2_IRQHandler                          0x08000297   Thumb Code     0  startup_stm32l476xx.o(.text)
    TIM3_IRQHandler                          0x08000297   Thumb Code     0  startup_stm32l476xx.o(.text)
    TIM4_IRQHandler                          0x08000297   Thumb Code     0  startup_stm32l476xx.o(.text)
    TIM5_IRQHandler                          0x08000297   Thumb Code     0  startup_stm32l476xx.o(.text)
    TIM7_IRQHandler                          0x08000297   Thumb Code     0  startup_stm32l476xx.o(.text)
    TIM8_BRK_IRQHandler                      0x08000297   Thumb Code     0  startup_stm32l476xx.o(.text)
    TIM8_CC_IRQHandler                       0x08000297   Thumb Code     0  startup_stm32l476xx.o(.text)
    TIM8_TRG_COM_IRQHandler                  0x08000297   Thumb Code     0  startup_stm32l476xx.o(.text)
    TIM8_UP_IRQHandler                       0x08000297   Thumb Code     0  startup_stm32l476xx.o(.text)
    TSC_IRQHandler                           0x08000297   Thumb Code     0  startup_stm32l476xx.o(.text)
    UART4_IRQHandler                         0x08000297   Thumb Code     0  startup_stm32l476xx.o(.text)
    UART5_IRQHandler                         0x08000297   Thumb Code     0  startup_stm32l476xx.o(.text)
    USART1_IRQHandler                        0x08000297   Thumb Code     0  startup_stm32l476xx.o(.text)
    USART2_IRQHandler                        0x08000297   Thumb Code     0  startup_stm32l476xx.o(.text)
    USART3_IRQHandler                        0x08000297   Thumb Code     0  startup_stm32l476xx.o(.text)
    WWDG_IRQHandler                          0x08000297   Thumb Code     0  startup_stm32l476xx.o(.text)
    __aeabi_memcpy                           0x080002a1   Thumb Code    36  memcpya.o(.text)
    __aeabi_memcpy4                          0x080002a1   Thumb Code     0  memcpya.o(.text)
    __aeabi_memcpy8                          0x080002a1   Thumb Code     0  memcpya.o(.text)
    __aeabi_memset                           0x080002c5   Thumb Code    14  memseta.o(.text)
    __aeabi_memset4                          0x080002c5   Thumb Code     0  memseta.o(.text)
    __aeabi_memset8                          0x080002c5   Thumb Code     0  memseta.o(.text)
    __aeabi_memclr                           0x080002d3   Thumb Code     4  memseta.o(.text)
    __aeabi_memclr4                          0x080002d3   Thumb Code     0  memseta.o(.text)
    __aeabi_memclr8                          0x080002d3   Thumb Code     0  memseta.o(.text)
    _memset$wrapper                          0x080002d7   Thumb Code    18  memseta.o(.text)
    __aeabi_dmul                             0x080002e9   Thumb Code   228  dmul.o(.text)
    __aeabi_ddiv                             0x080003d3   Thumb Code   222  ddiv.o(.text)
    __aeabi_ui2d                             0x080004b1   Thumb Code    26  dfltui.o(.text)
    __aeabi_d2uiz                            0x080004cb   Thumb Code    50  dfixui.o(.text)
    __aeabi_cdcmpeq                          0x080004fd   Thumb Code     0  cdcmple.o(.text)
    __aeabi_cdcmple                          0x080004fd   Thumb Code    48  cdcmple.o(.text)
    __aeabi_uidiv                            0x0800052d   Thumb Code     0  uidiv.o(.text)
    __aeabi_uidivmod                         0x0800052d   Thumb Code    44  uidiv.o(.text)
    __aeabi_llsr                             0x08000559   Thumb Code    32  llushr.o(.text)
    _ll_ushift_r                             0x08000559   Thumb Code     0  llushr.o(.text)
    __I$use$fp                               0x08000579   Thumb Code     0  iusefp.o(.text)
    _double_round                            0x08000579   Thumb Code    30  depilogue.o(.text)
    _double_epilogue                         0x08000597   Thumb Code   156  depilogue.o(.text)
    __scatterload                            0x08000635   Thumb Code    28  init.o(.text)
    __scatterload_rt2                        0x08000635   Thumb Code     0  init.o(.text)
    __aeabi_llsl                             0x08000659   Thumb Code    30  llshl.o(.text)
    _ll_shift_l                              0x08000659   Thumb Code     0  llshl.o(.text)
    BSP_LCD_GLASS_Clear                      0x08000679   Thumb Code     6  stm32l476g_discovery_glass_lcd.o(i.BSP_LCD_GLASS_Clear)
    BSP_LCD_GLASS_DisplayString              0x08000685   Thumb Code    44  stm32l476g_discovery_glass_lcd.o(i.BSP_LCD_GLASS_DisplayString)
    BSP_LCD_GLASS_Init                       0x080006b5   Thumb Code    68  stm32l476g_discovery_glass_lcd.o(i.BSP_LCD_GLASS_Init)
    BSP_LED_Init                             0x08000701   Thumb Code    98  stm32l476g_discovery.o(i.BSP_LED_Init)
    BSP_LED_Off                              0x08000771   Thumb Code    18  stm32l476g_discovery.o(i.BSP_LED_Off)
    BSP_LED_On                               0x0800078d   Thumb Code    18  stm32l476g_discovery.o(i.BSP_LED_On)
    BSP_LED_Toggle                           0x080007a9   Thumb Code    16  stm32l476g_discovery.o(i.BSP_LED_Toggle)
    BusFault_Handler                         0x080007c1   Thumb Code     2  stm32l4xx_it.o(i.BusFault_Handler)
    DebugMon_Handler                         0x08000951   Thumb Code     2  stm32l4xx_it.o(i.DebugMon_Handler)
    EXTI0_IRQHandler                         0x08000953   Thumb Code     6  stm32l4xx_it.o(i.EXTI0_IRQHandler)
    HAL_Delay                                0x08000959   Thumb Code    32  stm32l4xx_hal.o(i.HAL_Delay)
    HAL_GPIO_EXTI_Callback                   0x0800097d   Thumb Code    28  main.o(i.HAL_GPIO_EXTI_Callback)
    HAL_GPIO_EXTI_IRQHandler                 0x0800099d   Thumb Code    18  stm32l4xx_hal_gpio.o(i.HAL_GPIO_EXTI_IRQHandler)
    HAL_GPIO_Init                            0x080009b5   Thumb Code   414  stm32l4xx_hal_gpio.o(i.HAL_GPIO_Init)
    HAL_GPIO_TogglePin                       0x08000b7f   Thumb Code    14  stm32l4xx_hal_gpio.o(i.HAL_GPIO_TogglePin)
    HAL_GPIO_WritePin                        0x08000b8d   Thumb Code    10  stm32l4xx_hal_gpio.o(i.HAL_GPIO_WritePin)
    HAL_GetTick                              0x08000b99   Thumb Code     6  stm32l4xx_hal.o(i.HAL_GetTick)
    HAL_IncTick                              0x08000ba5   Thumb Code    12  stm32l4xx_hal.o(i.HAL_IncTick)
    HAL_Init                                 0x08000bb5   Thumb Code    30  stm32l4xx_hal.o(i.HAL_Init)
    HAL_InitTick                             0x08000bd5   Thumb Code   110  stm32l4xx_hal_timebase_tim.o(i.HAL_InitTick)
    HAL_LCD_Clear                            0x08000c55   Thumb Code   122  stm32l4xx_hal_lcd.o(i.HAL_LCD_Clear)
    HAL_LCD_Init                             0x08000cd1   Thumb Code   252  stm32l4xx_hal_lcd.o(i.HAL_LCD_Init)
    HAL_LCD_MspInit                          0x08000dd1   Thumb Code     2  stm32l4xx_hal_lcd.o(i.HAL_LCD_MspInit)
    HAL_LCD_UpdateDisplayRequest             0x08000dd3   Thumb Code    84  stm32l4xx_hal_lcd.o(i.HAL_LCD_UpdateDisplayRequest)
    HAL_LCD_Write                            0x08000e29   Thumb Code   132  stm32l4xx_hal_lcd.o(i.HAL_LCD_Write)
    HAL_MspInit                              0x08000ead   Thumb Code     2  stm32l4xx_hal.o(i.HAL_MspInit)
    HAL_NVIC_EnableIRQ                       0x08000eaf   Thumb Code    26  stm32l4xx_hal_cortex.o(i.HAL_NVIC_EnableIRQ)
    HAL_NVIC_SetPriority                     0x08000ec9   Thumb Code    60  stm32l4xx_hal_cortex.o(i.HAL_NVIC_SetPriority)
    HAL_NVIC_SetPriorityGrouping             0x08000f09   Thumb Code    26  stm32l4xx_hal_cortex.o(i.HAL_NVIC_SetPriorityGrouping)
    HAL_PWREx_ControlVoltageScaling          0x08000f2d   Thumb Code    90  stm32l4xx_hal_pwr_ex.o(i.HAL_PWREx_ControlVoltageScaling)
    HAL_PWREx_GetVoltageRange                0x08000f95   Thumb Code    10  stm32l4xx_hal_pwr_ex.o(i.HAL_PWREx_GetVoltageRange)
    HAL_RCCEx_PeriphCLKConfig                0x08000fa5   Thumb Code   928  stm32l4xx_hal_rcc_ex.o(i.HAL_RCCEx_PeriphCLKConfig)
    HAL_RCC_ClockConfig                      0x08001355   Thumb Code   266  stm32l4xx_hal_rcc.o(i.HAL_RCC_ClockConfig)
    HAL_RCC_GetClockConfig                   0x08001475   Thumb Code    54  stm32l4xx_hal_rcc.o(i.HAL_RCC_GetClockConfig)
    HAL_RCC_GetPCLK1Freq                     0x080014b5   Thumb Code    24  stm32l4xx_hal_rcc.o(i.HAL_RCC_GetPCLK1Freq)
    HAL_RCC_GetSysClockFreq                  0x080014d9   Thumb Code   150  stm32l4xx_hal_rcc.o(i.HAL_RCC_GetSysClockFreq)
    HAL_RCC_OscConfig                        0x0800157d   Thumb Code  1310  stm32l4xx_hal_rcc.o(i.HAL_RCC_OscConfig)
    HAL_TIMEx_Break2Callback                 0x08001aa5   Thumb Code     2  stm32l4xx_hal_tim_ex.o(i.HAL_TIMEx_Break2Callback)
    HAL_TIMEx_BreakCallback                  0x08001aa7   Thumb Code     2  stm32l4xx_hal_tim_ex.o(i.HAL_TIMEx_BreakCallback)
    HAL_TIMEx_CommutCallback                 0x08001aa9   Thumb Code     2  stm32l4xx_hal_tim_ex.o(i.HAL_TIMEx_CommutCallback)
    HAL_TIM_Base_Init                        0x08001aab   Thumb Code    54  stm32l4xx_hal_tim.o(i.HAL_TIM_Base_Init)
    HAL_TIM_Base_MspInit                     0x08001ae1   Thumb Code     2  stm32l4xx_hal_tim.o(i.HAL_TIM_Base_MspInit)
    HAL_TIM_Base_Start_IT                    0x08001ae5   Thumb Code    40  stm32l4xx_hal_tim.o(i.HAL_TIM_Base_Start_IT)
    HAL_TIM_IC_CaptureCallback               0x08001b11   Thumb Code     2  stm32l4xx_hal_tim.o(i.HAL_TIM_IC_CaptureCallback)
    HAL_TIM_IRQHandler                       0x08001b13   Thumb Code   388  stm32l4xx_hal_tim.o(i.HAL_TIM_IRQHandler)
    HAL_TIM_OC_DelayElapsedCallback          0x08001c97   Thumb Code     2  stm32l4xx_hal_tim.o(i.HAL_TIM_OC_DelayElapsedCallback)
    HAL_TIM_PWM_PulseFinishedCallback        0x08001c99   Thumb Code     2  stm32l4xx_hal_tim.o(i.HAL_TIM_PWM_PulseFinishedCallback)
    HAL_TIM_PeriodElapsedCallback            0x08001c9b   Thumb Code     4  stm32l4xx_hal_timebase_tim.o(i.HAL_TIM_PeriodElapsedCallback)
    HAL_TIM_TriggerCallback                  0x08001c9f   Thumb Code     2  stm32l4xx_hal_tim.o(i.HAL_TIM_TriggerCallback)
    HardFault_Handler                        0x08001ca1   Thumb Code     2  stm32l4xx_it.o(i.HardFault_Handler)
    LCD_WaitForSynchro                       0x08001e25   Thumb Code    48  stm32l4xx_hal_lcd.o(i.LCD_WaitForSynchro)
    MemManage_Handler                        0x08001ed5   Thumb Code     2  stm32l4xx_it.o(i.MemManage_Handler)
    NMI_Handler                              0x08001ed7   Thumb Code     2  stm32l4xx_it.o(i.NMI_Handler)
    SysTick_Handler                          0x08002309   Thumb Code     4  stm32l4xx_it.o(i.SysTick_Handler)
    SystemClock_Config                       0x0800230d   Thumb Code   112  main.o(i.SystemClock_Config)
    SystemInit                               0x08002381   Thumb Code    56  system_stm32l4xx.o(i.SystemInit)
    TIM6_DAC_IRQHandler                      0x080023c5   Thumb Code     6  stm32l4xx_hal_timebase_tim.o(i.TIM6_DAC_IRQHandler)
    TIM_Base_SetConfig                       0x080023d1   Thumb Code   160  stm32l4xx_hal_tim.o(i.TIM_Base_SetConfig)
    UsageFault_Handler                       0x08002491   Thumb Code     2  stm32l4xx_it.o(i.UsageFault_Handler)
    __0sprintf$1                             0x080028f5   Thumb Code    34  printf1.o(i.__0sprintf$1)
    __1sprintf$1                             0x080028f5   Thumb Code     0  printf1.o(i.__0sprintf$1)
    __2sprintf                               0x080028f5   Thumb Code     0  printf1.o(i.__0sprintf$1)
    __scatterload_copy                       0x0800293d   Thumb Code    14  handlers.o(i.__scatterload_copy)
    __scatterload_null                       0x0800294b   Thumb Code     2  handlers.o(i.__scatterload_null)
    __scatterload_zeroinit                   0x0800294d   Thumb Code    14  handlers.o(i.__scatterload_zeroinit)
    main                                     0x08002acd   Thumb Code   288  main.o(i.main)
    osDelayUntil                             0x08002c1d   Thumb Code    14  cmsis_os.o(i.osDelayUntil)
    osKernelStart                            0x08002c2b   Thumb Code    10  cmsis_os.o(i.osKernelStart)
    osKernelSysTick                          0x08002c35   Thumb Code    24  cmsis_os.o(i.osKernelSysTick)
    osSemaphoreCreate                        0x08002c4d   Thumb Code    44  cmsis_os.o(i.osSemaphoreCreate)
    osSemaphoreRelease                       0x08002c79   Thumb Code    74  cmsis_os.o(i.osSemaphoreRelease)
    osSemaphoreWait                          0x08002cc9   Thumb Code    96  cmsis_os.o(i.osSemaphoreWait)
    osSystickHandler                         0x08002d2d   Thumb Code    20  cmsis_os.o(i.osSystickHandler)
    osThreadCreate                           0x08002d41   Thumb Code    46  cmsis_os.o(i.osThreadCreate)
    pvPortMalloc                             0x080031d9   Thumb Code   210  heap_4.o(i.pvPortMalloc)
    pvTaskIncrementMutexHeldCount            0x080032b1   Thumb Code    18  tasks.o(i.pvTaskIncrementMutexHeldCount)
    pxPortInitialiseStack                    0x080032c9   Thumb Code    40  port.o(i.pxPortInitialiseStack)
    uxListRemove                             0x080032f5   Thumb Code    38  list.o(i.uxListRemove)
    vListInitialise                          0x0800331b   Thumb Code    22  list.o(i.vListInitialise)
    vListInitialiseItem                      0x08003331   Thumb Code     6  list.o(i.vListInitialiseItem)
    vListInsert                              0x08003337   Thumb Code    48  list.o(i.vListInsert)
    vListInsertEnd                           0x08003367   Thumb Code    24  list.o(i.vListInsertEnd)
    vPortEnterCritical                       0x08003381   Thumb Code    54  port.o(i.vPortEnterCritical)
    vPortExitCritical                        0x080033c1   Thumb Code    34  port.o(i.vPortExitCritical)
    vPortFree                                0x080033e9   Thumb Code    88  heap_4.o(i.vPortFree)
    vPortSetupTimerInterrupt                 0x08003445   Thumb Code    32  port.o(i.vPortSetupTimerInterrupt)
    vPortValidateInterruptPriority           0x08003469   Thumb Code    74  port.o(i.vPortValidateInterruptPriority)
    vTaskDelayUntil                          0x080034bd   Thumb Code   132  tasks.o(i.vTaskDelayUntil)
    vTaskInternalSetTimeOutState             0x08003549   Thumb Code    12  tasks.o(i.vTaskInternalSetTimeOutState)
    vTaskMissedYield                         0x08003559   Thumb Code     8  tasks.o(i.vTaskMissedYield)
    vTaskPlaceOnEventList                    0x08003565   Thumb Code    44  tasks.o(i.vTaskPlaceOnEventList)
    vTaskPriorityDisinheritAfterTimeout      0x08003595   Thumb Code   160  tasks.o(i.vTaskPriorityDisinheritAfterTimeout)
    vTaskStartScheduler                      0x0800363d   Thumb Code    86  tasks.o(i.vTaskStartScheduler)
    vTaskSuspendAll                          0x080036a5   Thumb Code    10  tasks.o(i.vTaskSuspendAll)
    vTaskSwitchContext                       0x080036b5   Thumb Code    82  tasks.o(i.vTaskSwitchContext)
    xPortStartScheduler                      0x08003711   Thumb Code   222  port.o(i.xPortStartScheduler)
    xPortSysTickHandler                      0x08003805   Thumb Code    38  port.o(i.xPortSysTickHandler)
    xQueueCreateCountingSemaphore            0x08003831   Thumb Code    58  queue.o(i.xQueueCreateCountingSemaphore)
    xQueueGenericCreate                      0x0800386b   Thumb Code    82  queue.o(i.xQueueGenericCreate)
    xQueueGenericReset                       0x080038bd   Thumb Code   132  queue.o(i.xQueueGenericReset)
    xQueueGenericSend                        0x08003945   Thumb Code   346  queue.o(i.xQueueGenericSend)
    xQueueGiveFromISR                        0x08003aa5   Thumb Code   156  queue.o(i.xQueueGiveFromISR)
    xQueueReceiveFromISR                     0x08003b41   Thumb Code   154  queue.o(i.xQueueReceiveFromISR)
    xQueueSemaphoreTake                      0x08003bdd   Thumb Code   372  queue.o(i.xQueueSemaphoreTake)
    xTaskCheckForTimeOut                     0x08003d55   Thumb Code   112  tasks.o(i.xTaskCheckForTimeOut)
    xTaskCreate                              0x08003dc9   Thumb Code    86  tasks.o(i.xTaskCreate)
    xTaskGetSchedulerState                   0x08003e25   Thumb Code    22  tasks.o(i.xTaskGetSchedulerState)
    xTaskGetTickCount                        0x08003e41   Thumb Code     6  tasks.o(i.xTaskGetTickCount)
    xTaskGetTickCountFromISR                 0x08003e4d   Thumb Code    12  tasks.o(i.xTaskGetTickCountFromISR)
    xTaskIncrementTick                       0x08003e5d   Thumb Code   192  tasks.o(i.xTaskIncrementTick)
    xTaskPriorityDisinherit                  0x08003f25   Thumb Code   144  tasks.o(i.xTaskPriorityDisinherit)
    xTaskPriorityInherit                     0x08003fbd   Thumb Code   138  tasks.o(i.xTaskPriorityInherit)
    xTaskRemoveFromEventList                 0x08004051   Thumb Code   108  tasks.o(i.xTaskRemoveFromEventList)
    xTaskResumeAll                           0x080040c5   Thumb Code   182  tasks.o(i.xTaskResumeAll)
    AHBPrescTable                            0x08004188   Data          16  system_stm32l4xx.o(.constdata)
    MSIRangeTable                            0x08004198   Data          48  system_stm32l4xx.o(.constdata)
    APBPrescTable                            0x080041c8   Data           8  system_stm32l4xx.o(.constdata)
    LED_PIN                                  0x080041d0   Data           4  stm32l476g_discovery.o(.constdata)
    JOY_IRQn                                 0x080041d4   Data           5  stm32l476g_discovery.o(.constdata)
    JOY_PIN                                  0x080041da   Data          10  stm32l476g_discovery.o(.constdata)
    CapLetterMap                             0x080041e4   Data          52  stm32l476g_discovery_glass_lcd.o(.constdata)
    NumberMap                                0x08004218   Data          20  stm32l476g_discovery_glass_lcd.o(.constdata)
    os_semaphore_def_PPS_sem                 0x0800422c   Data           4  main.o(.constdata)
    os_semaphore_def_LCD_sem                 0x08004230   Data           4  main.o(.constdata)
    Region$$Table$$Base                      0x080042b4   Number         0  anon$$obj.o(Region$$Table)
    Region$$Table$$Limit                     0x080042d4   Number         0  anon$$obj.o(Region$$Table)
    SystemCoreClock                          0x20000000   Data           4  system_stm32l4xx.o(.data)
    pxCurrentTCB                             0x20000028   Data           4  tasks.o(.data)
    LED_PORT                                 0x20000064   Data           8  stm32l476g_discovery.o(.data)
    JOY_PORT                                 0x2000006c   Data          20  stm32l476g_discovery.o(.data)
    uwTickPrio                               0x20000080   Data           4  stm32l4xx_hal.o(.data)
    uwTickFreq                               0x20000084   Data           4  stm32l4xx_hal.o(.data)
    uwTick                                   0x20000088   Data           4  stm32l4xx_hal.o(.data)
    PPS_Thread_Cnt                           0x2000008c   Data           2  main.o(.data)
    LED_ThreadHandle                         0x20000090   Data           4  main.o(.data)
    PPS_ThreadHandle                         0x20000094   Data           4  main.o(.data)
    PPSTest_ThreadHandle                     0x20000098   Data           4  main.o(.data)
    ClkMgr_ThreadHandle                      0x2000009c   Data           4  main.o(.data)
    LCD_ThreadHandle                         0x200000a0   Data           4  main.o(.data)
    PPSIntrCnt                               0x200000a4   Data           4  main.o(.data)
    SysTimeSec                               0x200000a8   Data           4  main.o(.data)
    PPS_sem                                  0x200000ac   Data           4  main.o(.data)
    LCD_sem                                  0x200000b0   Data           4  main.o(.data)
    LCDHandle                                0x200041a4   Data          60  stm32l476g_discovery_glass_lcd.o(.bss)
    Digit                                    0x200041e0   Data          16  stm32l476g_discovery_glass_lcd.o(.bss)
    PPSTimeStamp                             0x200041f0   Data         152  main.o(.bss)
    TimHandle                                0x20004288   Data          64  stm32l4xx_hal_timebase_tim.o(.bss)
    __initial_sp                             0x200046c8   Data           0  startup_stm32l476xx.o(STACK)



==============================================================================

Memory Map of the image

  Image Entry point : 0x08000189

  Load Region LR_IROM1 (Base: 0x08000000, Size: 0x00004388, Max: 0x00100000, ABSOLUTE)

    Execution Region ER_IROM1 (Exec base: 0x08000000, Load base: 0x08000000, Size: 0x000042d4, Max: 0x00100000, ABSOLUTE)

    Exec Addr    Load Addr    Size         Type   Attr      Idx    E Section Name        Object

    0x08000000   0x08000000   0x00000188   Data   RO         1293    RESET               startup_stm32l476xx.o
    0x08000188   0x08000188   0x00000000   Code   RO         3901  * .ARM.Collect$$$$00000000  mc_w.l(entry.o)
    0x08000188   0x08000188   0x00000004   Code   RO         4181    .ARM.Collect$$$$00000001  mc_w.l(entry2.o)
    0x0800018c   0x0800018c   0x00000004   Code   RO         4184    .ARM.Collect$$$$00000004  mc_w.l(entry5.o)
    0x08000190   0x08000190   0x00000000   Code   RO         4186    .ARM.Collect$$$$00000008  mc_w.l(entry7b.o)
    0x08000190   0x08000190   0x00000000   Code   RO         4188    .ARM.Collect$$$$0000000A  mc_w.l(entry8b.o)
    0x08000190   0x08000190   0x00000008   Code   RO         4189    .ARM.Collect$$$$0000000B  mc_w.l(entry9a.o)
    0x08000198   0x08000198   0x00000000   Code   RO         4191    .ARM.Collect$$$$0000000D  mc_w.l(entry10a.o)
    0x08000198   0x08000198   0x00000000   Code   RO         4193    .ARM.Collect$$$$0000000F  mc_w.l(entry11a.o)
    0x08000198   0x08000198   0x00000004   Code   RO         4182    .ARM.Collect$$$$00002712  mc_w.l(entry2.o)
    0x0800019c   0x0800019c   0x000000de   Code   RO          209    .emb_text           port.o
    0x0800027a   0x0800027a   0x00000002   PAD
    0x0800027c   0x0800027c   0x00000024   Code   RO         1294    .text               startup_stm32l476xx.o
    0x080002a0   0x080002a0   0x00000024   Code   RO         3904    .text               mc_w.l(memcpya.o)
    0x080002c4   0x080002c4   0x00000024   Code   RO         3906    .text               mc_w.l(memseta.o)
    0x080002e8   0x080002e8   0x000000ea   Code   RO         4171    .text               mf_w.l(dmul.o)
    0x080003d2   0x080003d2   0x000000de   Code   RO         4173    .text               mf_w.l(ddiv.o)
    0x080004b0   0x080004b0   0x0000001a   Code   RO         4175    .text               mf_w.l(dfltui.o)
    0x080004ca   0x080004ca   0x00000032   Code   RO         4177    .text               mf_w.l(dfixui.o)
    0x080004fc   0x080004fc   0x00000030   Code   RO         4179    .text               mf_w.l(cdcmple.o)
    0x0800052c   0x0800052c   0x0000002c   Code   RO         4198    .text               mc_w.l(uidiv.o)
    0x08000558   0x08000558   0x00000020   Code   RO         4202    .text               mc_w.l(llushr.o)
    0x08000578   0x08000578   0x00000000   Code   RO         4204    .text               mc_w.l(iusefp.o)
    0x08000578   0x08000578   0x000000ba   Code   RO         4205    .text               mf_w.l(depilogue.o)
    0x08000632   0x08000632   0x00000002   PAD
    0x08000634   0x08000634   0x00000024   Code   RO         4213    .text               mc_w.l(init.o)
    0x08000658   0x08000658   0x0000001e   Code   RO         4216    .text               mc_w.l(llshl.o)
    0x08000676   0x08000676   0x00000002   PAD
    0x08000678   0x08000678   0x0000000c   Code   RO         1392    i.BSP_LCD_GLASS_Clear  stm32l476g_discovery_glass_lcd.o
    0x08000684   0x08000684   0x00000030   Code   RO         1399    i.BSP_LCD_GLASS_DisplayString  stm32l476g_discovery_glass_lcd.o
    0x080006b4   0x080006b4   0x0000004c   Code   RO         1400    i.BSP_LCD_GLASS_Init  stm32l476g_discovery_glass_lcd.o
    0x08000700   0x08000700   0x00000070   Code   RO         1306    i.BSP_LED_Init      stm32l476g_discovery.o
    0x08000770   0x08000770   0x0000001c   Code   RO         1307    i.BSP_LED_Off       stm32l476g_discovery.o
    0x0800078c   0x0800078c   0x0000001c   Code   RO         1308    i.BSP_LED_On        stm32l476g_discovery.o
    0x080007a8   0x080007a8   0x00000018   Code   RO         1309    i.BSP_LED_Toggle    stm32l476g_discovery.o
    0x080007c0   0x080007c0   0x00000002   Code   RO         3832    i.BusFault_Handler  stm32l4xx_it.o
    0x080007c2   0x080007c2   0x00000002   PAD
    0x080007c4   0x080007c4   0x00000084   Code   RO         3682    i.ClkMgr_Thread     main.o
    0x08000848   0x08000848   0x00000108   Code   RO         1402    i.Convert           stm32l476g_discovery_glass_lcd.o
    0x08000950   0x08000950   0x00000002   Code   RO         3833    i.DebugMon_Handler  stm32l4xx_it.o
    0x08000952   0x08000952   0x00000006   Code   RO         3834    i.EXTI0_IRQHandler  stm32l4xx_it.o
    0x08000958   0x08000958   0x00000024   Code   RO         1753    i.HAL_Delay         stm32l4xx_hal.o
    0x0800097c   0x0800097c   0x00000020   Code   RO         3683    i.HAL_GPIO_EXTI_Callback  main.o
    0x0800099c   0x0800099c   0x00000018   Code   RO         1982    i.HAL_GPIO_EXTI_IRQHandler  stm32l4xx_hal_gpio.o
    0x080009b4   0x080009b4   0x000001ca   Code   RO         1983    i.HAL_GPIO_Init     stm32l4xx_hal_gpio.o
    0x08000b7e   0x08000b7e   0x0000000e   Code   RO         1986    i.HAL_GPIO_TogglePin  stm32l4xx_hal_gpio.o
    0x08000b8c   0x08000b8c   0x0000000a   Code   RO         1987    i.HAL_GPIO_WritePin  stm32l4xx_hal_gpio.o
    0x08000b96   0x08000b96   0x00000002   PAD
    0x08000b98   0x08000b98   0x0000000c   Code   RO         1757    i.HAL_GetTick       stm32l4xx_hal.o
    0x08000ba4   0x08000ba4   0x00000010   Code   RO         1763    i.HAL_IncTick       stm32l4xx_hal.o
    0x08000bb4   0x08000bb4   0x0000001e   Code   RO         1764    i.HAL_Init          stm32l4xx_hal.o
    0x08000bd2   0x08000bd2   0x00000002   PAD
    0x08000bd4   0x08000bd4   0x00000080   Code   RO         3781    i.HAL_InitTick      stm32l4xx_hal_timebase_tim.o
    0x08000c54   0x08000c54   0x0000007a   Code   RO         3604    i.HAL_LCD_Clear     stm32l4xx_hal_lcd.o
    0x08000cce   0x08000cce   0x00000002   PAD
    0x08000cd0   0x08000cd0   0x00000100   Code   RO         3608    i.HAL_LCD_Init      stm32l4xx_hal_lcd.o
    0x08000dd0   0x08000dd0   0x00000002   Code   RO         3610    i.HAL_LCD_MspInit   stm32l4xx_hal_lcd.o
    0x08000dd2   0x08000dd2   0x00000054   Code   RO         3611    i.HAL_LCD_UpdateDisplayRequest  stm32l4xx_hal_lcd.o
    0x08000e26   0x08000e26   0x00000002   PAD
    0x08000e28   0x08000e28   0x00000084   Code   RO         3612    i.HAL_LCD_Write     stm32l4xx_hal_lcd.o
    0x08000eac   0x08000eac   0x00000002   Code   RO         1767    i.HAL_MspInit       stm32l4xx_hal.o
    0x08000eae   0x08000eae   0x0000001a   Code   RO         1515    i.HAL_NVIC_EnableIRQ  stm32l4xx_hal_cortex.o
    0x08000ec8   0x08000ec8   0x00000040   Code   RO         1521    i.HAL_NVIC_SetPriority  stm32l4xx_hal_cortex.o
    0x08000f08   0x08000f08   0x00000024   Code   RO         1522    i.HAL_NVIC_SetPriorityGrouping  stm32l4xx_hal_cortex.o
    0x08000f2c   0x08000f2c   0x00000068   Code   RO         2970    i.HAL_PWREx_ControlVoltageScaling  stm32l4xx_hal_pwr_ex.o
    0x08000f94   0x08000f94   0x00000010   Code   RO         3001    i.HAL_PWREx_GetVoltageRange  stm32l4xx_hal_pwr_ex.o
    0x08000fa4   0x08000fa4   0x000003ae   Code   RO         2061    i.HAL_RCCEx_PeriphCLKConfig  stm32l4xx_hal_rcc_ex.o
    0x08001352   0x08001352   0x00000002   PAD
    0x08001354   0x08001354   0x00000120   Code   RO         1646    i.HAL_RCC_ClockConfig  stm32l4xx_hal_rcc.o
    0x08001474   0x08001474   0x00000040   Code   RO         1649    i.HAL_RCC_GetClockConfig  stm32l4xx_hal_rcc.o
    0x080014b4   0x080014b4   0x00000024   Code   RO         1652    i.HAL_RCC_GetPCLK1Freq  stm32l4xx_hal_rcc.o
    0x080014d8   0x080014d8   0x000000a4   Code   RO         1654    i.HAL_RCC_GetSysClockFreq  stm32l4xx_hal_rcc.o
    0x0800157c   0x0800157c   0x00000528   Code   RO         1657    i.HAL_RCC_OscConfig  stm32l4xx_hal_rcc.o
    0x08001aa4   0x08001aa4   0x00000002   Code   RO         3221    i.HAL_TIMEx_Break2Callback  stm32l4xx_hal_tim_ex.o
    0x08001aa6   0x08001aa6   0x00000002   Code   RO         3222    i.HAL_TIMEx_BreakCallback  stm32l4xx_hal_tim_ex.o
    0x08001aa8   0x08001aa8   0x00000002   Code   RO         3223    i.HAL_TIMEx_CommutCallback  stm32l4xx_hal_tim_ex.o
    0x08001aaa   0x08001aaa   0x00000036   Code   RO         2189    i.HAL_TIM_Base_Init  stm32l4xx_hal_tim.o
    0x08001ae0   0x08001ae0   0x00000002   Code   RO         2191    i.HAL_TIM_Base_MspInit  stm32l4xx_hal_tim.o
    0x08001ae2   0x08001ae2   0x00000002   PAD
    0x08001ae4   0x08001ae4   0x0000002c   Code   RO         2194    i.HAL_TIM_Base_Start_IT  stm32l4xx_hal_tim.o
    0x08001b10   0x08001b10   0x00000002   Code   RO         2218    i.HAL_TIM_IC_CaptureCallback  stm32l4xx_hal_tim.o
    0x08001b12   0x08001b12   0x00000184   Code   RO         2232    i.HAL_TIM_IRQHandler  stm32l4xx_hal_tim.o
    0x08001c96   0x08001c96   0x00000002   Code   RO         2235    i.HAL_TIM_OC_DelayElapsedCallback  stm32l4xx_hal_tim.o
    0x08001c98   0x08001c98   0x00000002   Code   RO         2262    i.HAL_TIM_PWM_PulseFinishedCallback  stm32l4xx_hal_tim.o
    0x08001c9a   0x08001c9a   0x00000004   Code   RO         3784    i.HAL_TIM_PeriodElapsedCallback  stm32l4xx_hal_timebase_tim.o
    0x08001c9e   0x08001c9e   0x00000002   Code   RO         2275    i.HAL_TIM_TriggerCallback  stm32l4xx_hal_tim.o
    0x08001ca0   0x08001ca0   0x00000002   Code   RO         3835    i.HardFault_Handler  stm32l4xx_it.o
    0x08001ca2   0x08001ca2   0x00000002   PAD
    0x08001ca4   0x08001ca4   0x00000108   Code   RO         1404    i.LCD_MspInit       stm32l476g_discovery_glass_lcd.o
    0x08001dac   0x08001dac   0x00000078   Code   RO         3684    i.LCD_Thread        main.o
    0x08001e24   0x08001e24   0x00000030   Code   RO         3613    i.LCD_WaitForSynchro  stm32l4xx_hal_lcd.o
    0x08001e54   0x08001e54   0x00000080   Code   RO         3685    i.LED_Thread        main.o
    0x08001ed4   0x08001ed4   0x00000002   Code   RO         3836    i.MemManage_Handler  stm32l4xx_it.o
    0x08001ed6   0x08001ed6   0x00000002   Code   RO         3837    i.NMI_Handler       stm32l4xx_it.o
    0x08001ed8   0x08001ed8   0x00000030   Code   RO         3686    i.PPSTest_Thread    main.o
    0x08001f08   0x08001f08   0x00000150   Code   RO         3687    i.PPS_Thread        main.o
    0x08002058   0x08002058   0x0000012c   Code   RO         2065    i.RCCEx_PLLSAI1_Config  stm32l4xx_hal_rcc_ex.o
    0x08002184   0x08002184   0x00000108   Code   RO         2066    i.RCCEx_PLLSAI2_Config  stm32l4xx_hal_rcc_ex.o
    0x0800228c   0x0800228c   0x0000007c   Code   RO         1658    i.RCC_SetFlashLatencyFromMSIRange  stm32l4xx_hal_rcc.o
    0x08002308   0x08002308   0x00000004   Code   RO         3838    i.SysTick_Handler   stm32l4xx_it.o
    0x0800230c   0x0800230c   0x00000074   Code   RO         3688    i.SystemClock_Config  main.o
    0x08002380   0x08002380   0x00000044   Code   RO            5    i.SystemInit        system_stm32l4xx.o
    0x080023c4   0x080023c4   0x0000000c   Code   RO         3785    i.TIM6_DAC_IRQHandler  stm32l4xx_hal_timebase_tim.o
    0x080023d0   0x080023d0   0x000000c0   Code   RO         2277    i.TIM_Base_SetConfig  stm32l4xx_hal_tim.o
    0x08002490   0x08002490   0x00000002   Code   RO         3839    i.UsageFault_Handler  stm32l4xx_it.o
    0x08002492   0x08002492   0x00000002   PAD
    0x08002494   0x08002494   0x00000460   Code   RO         1405    i.WriteChar         stm32l476g_discovery_glass_lcd.o
    0x080028f4   0x080028f4   0x00000028   Code   RO         3957    i.__0sprintf$1      mc_w.l(printf1.o)
    0x0800291c   0x0800291c   0x00000020   Code   RO         1528    i.__NVIC_SetPriority  stm32l4xx_hal_cortex.o
    0x0800293c   0x0800293c   0x0000000e   Code   RO         4223    i.__scatterload_copy  mc_w.l(handlers.o)
    0x0800294a   0x0800294a   0x00000002   Code   RO         4224    i.__scatterload_null  mc_w.l(handlers.o)
    0x0800294c   0x0800294c   0x0000000e   Code   RO         4225    i.__scatterload_zeroinit  mc_w.l(handlers.o)
    0x0800295a   0x0800295a   0x00000002   PAD
    0x0800295c   0x0800295c   0x0000015a   Code   RO         3962    i._printf_core      mc_w.l(printf1.o)
    0x08002ab6   0x08002ab6   0x0000000a   Code   RO         3964    i._sputc            mc_w.l(printf1.o)
    0x08002ac0   0x08002ac0   0x0000000c   Code   RO          898    i.inHandlerMode     cmsis_os.o
    0x08002acc   0x08002acc   0x00000144   Code   RO         3689    i.main              main.o
    0x08002c10   0x08002c10   0x0000000c   Code   RO          900    i.makeFreeRtosPriority  cmsis_os.o
    0x08002c1c   0x08002c1c   0x0000000e   Code   RO          903    i.osDelayUntil      cmsis_os.o
    0x08002c2a   0x08002c2a   0x0000000a   Code   RO          905    i.osKernelStart     cmsis_os.o
    0x08002c34   0x08002c34   0x00000018   Code   RO          906    i.osKernelSysTick   cmsis_os.o
    0x08002c4c   0x08002c4c   0x0000002c   Code   RO          931    i.osSemaphoreCreate  cmsis_os.o
    0x08002c78   0x08002c78   0x00000050   Code   RO          934    i.osSemaphoreRelease  cmsis_os.o
    0x08002cc8   0x08002cc8   0x00000064   Code   RO          935    i.osSemaphoreWait   cmsis_os.o
    0x08002d2c   0x08002d2c   0x00000014   Code   RO          938    i.osSystickHandler  cmsis_os.o
    0x08002d40   0x08002d40   0x0000002e   Code   RO          939    i.osThreadCreate    cmsis_os.o
    0x08002d6e   0x08002d6e   0x00000002   PAD
    0x08002d70   0x08002d70   0x00000070   Code   RO          566    i.prvAddCurrentTaskToDelayedList  tasks.o
    0x08002de0   0x08002de0   0x000000d0   Code   RO          567    i.prvAddNewTaskToReadyList  tasks.o
    0x08002eb0   0x08002eb0   0x00000026   Code   RO          290    i.prvCopyDataFromQueue  queue.o
    0x08002ed6   0x08002ed6   0x0000006c   Code   RO          291    i.prvCopyDataToQueue  queue.o
    0x08002f42   0x08002f42   0x00000014   Code   RO          568    i.prvDeleteTCB      tasks.o
    0x08002f56   0x08002f56   0x00000002   PAD
    0x08002f58   0x08002f58   0x0000004c   Code   RO          126    i.prvHeapInit       heap_4.o
    0x08002fa4   0x08002fa4   0x00000060   Code   RO          569    i.prvIdleTask       tasks.o
    0x08003004   0x08003004   0x000000b6   Code   RO          570    i.prvInitialiseNewTask  tasks.o
    0x080030ba   0x080030ba   0x00000002   PAD
    0x080030bc   0x080030bc   0x0000004c   Code   RO          127    i.prvInsertBlockIntoFreeList  heap_4.o
    0x08003108   0x08003108   0x0000001c   Code   RO          292    i.prvIsQueueEmpty   queue.o
    0x08003124   0x08003124   0x00000020   Code   RO          572    i.prvResetNextTaskUnblockTime  tasks.o
    0x08003144   0x08003144   0x00000028   Code   RO          210    i.prvTaskExitError  port.o
    0x0800316c   0x0800316c   0x0000006a   Code   RO          293    i.prvUnlockQueue    queue.o
    0x080031d6   0x080031d6   0x00000002   PAD
    0x080031d8   0x080031d8   0x000000d8   Code   RO          128    i.pvPortMalloc      heap_4.o
    0x080032b0   0x080032b0   0x00000018   Code   RO          574    i.pvTaskIncrementMutexHeldCount  tasks.o
    0x080032c8   0x080032c8   0x0000002c   Code   RO          211    i.pxPortInitialiseStack  port.o
    0x080032f4   0x080032f4   0x00000026   Code   RO          504    i.uxListRemove      list.o
    0x0800331a   0x0800331a   0x00000016   Code   RO          505    i.vListInitialise   list.o
    0x08003330   0x08003330   0x00000006   Code   RO          506    i.vListInitialiseItem  list.o
    0x08003336   0x08003336   0x00000030   Code   RO          507    i.vListInsert       list.o
    0x08003366   0x08003366   0x00000018   Code   RO          508    i.vListInsertEnd    list.o
    0x0800337e   0x0800337e   0x00000002   PAD
    0x08003380   0x08003380   0x00000040   Code   RO          213    i.vPortEnterCritical  port.o
    0x080033c0   0x080033c0   0x00000028   Code   RO          214    i.vPortExitCritical  port.o
    0x080033e8   0x080033e8   0x0000005c   Code   RO          129    i.vPortFree         heap_4.o
    0x08003444   0x08003444   0x00000024   Code   RO          215    i.vPortSetupTimerInterrupt  port.o
    0x08003468   0x08003468   0x00000054   Code   RO          216    i.vPortValidateInterruptPriority  port.o
    0x080034bc   0x080034bc   0x0000008c   Code   RO          583    i.vTaskDelayUntil   tasks.o
    0x08003548   0x08003548   0x00000010   Code   RO          587    i.vTaskInternalSetTimeOutState  tasks.o
    0x08003558   0x08003558   0x0000000c   Code   RO          588    i.vTaskMissedYield  tasks.o
    0x08003564   0x08003564   0x00000030   Code   RO          590    i.vTaskPlaceOnEventList  tasks.o
    0x08003594   0x08003594   0x000000a8   Code   RO          592    i.vTaskPriorityDisinheritAfterTimeout  tasks.o
    0x0800363c   0x0800363c   0x00000068   Code   RO          598    i.vTaskStartScheduler  tasks.o
    0x080036a4   0x080036a4   0x00000010   Code   RO          600    i.vTaskSuspendAll   tasks.o
    0x080036b4   0x080036b4   0x0000005c   Code   RO          601    i.vTaskSwitchContext  tasks.o
    0x08003710   0x08003710   0x000000f4   Code   RO          217    i.xPortStartScheduler  port.o
    0x08003804   0x08003804   0x0000002c   Code   RO          218    i.xPortSysTickHandler  port.o
    0x08003830   0x08003830   0x0000003a   Code   RO          303    i.xQueueCreateCountingSemaphore  queue.o
    0x0800386a   0x0800386a   0x00000052   Code   RO          305    i.xQueueGenericCreate  queue.o
    0x080038bc   0x080038bc   0x00000088   Code   RO          306    i.xQueueGenericReset  queue.o
    0x08003944   0x08003944   0x00000160   Code   RO          307    i.xQueueGenericSend  queue.o
    0x08003aa4   0x08003aa4   0x0000009c   Code   RO          311    i.xQueueGiveFromISR  queue.o
    0x08003b40   0x08003b40   0x0000009a   Code   RO          318    i.xQueueReceiveFromISR  queue.o
    0x08003bda   0x08003bda   0x00000002   PAD
    0x08003bdc   0x08003bdc   0x00000178   Code   RO          319    i.xQueueSemaphoreTake  queue.o
    0x08003d54   0x08003d54   0x00000074   Code   RO          602    i.xTaskCheckForTimeOut  tasks.o
    0x08003dc8   0x08003dc8   0x0000005c   Code   RO          603    i.xTaskCreate       tasks.o
    0x08003e24   0x08003e24   0x0000001c   Code   RO          607    i.xTaskGetSchedulerState  tasks.o
    0x08003e40   0x08003e40   0x0000000c   Code   RO          608    i.xTaskGetTickCount  tasks.o
    0x08003e4c   0x08003e4c   0x00000010   Code   RO          609    i.xTaskGetTickCountFromISR  tasks.o
    0x08003e5c   0x08003e5c   0x000000c8   Code   RO          610    i.xTaskIncrementTick  tasks.o
    0x08003f24   0x08003f24   0x00000098   Code   RO          613    i.xTaskPriorityDisinherit  tasks.o
    0x08003fbc   0x08003fbc   0x00000094   Code   RO          614    i.xTaskPriorityInherit  tasks.o
    0x08004050   0x08004050   0x00000074   Code   RO          615    i.xTaskRemoveFromEventList  tasks.o
    0x080040c4   0x080040c4   0x000000c4   Code   RO          616    i.xTaskResumeAll    tasks.o
    0x08004188   0x08004188   0x00000040   Data   RO            6    .constdata          system_stm32l4xx.o
    0x080041c8   0x080041c8   0x00000008   Data   RO            7    .constdata          system_stm32l4xx.o
    0x080041d0   0x080041d0   0x00000014   Data   RO         1311    .constdata          stm32l476g_discovery.o
    0x080041e4   0x080041e4   0x00000048   Data   RO         1407    .constdata          stm32l476g_discovery_glass_lcd.o
    0x0800422c   0x0800422c   0x0000006c   Data   RO         3691    .constdata          main.o
    0x08004298   0x08004298   0x0000001c   Data   RO         3692    .conststring        main.o
    0x080042b4   0x080042b4   0x00000020   Data   RO         4221    Region$$Table       anon$$obj.o


    Execution Region RW_IRAM1 (Exec base: 0x20000000, Load base: 0x080042d4, Size: 0x000046c8, Max: 0x00018000, ABSOLUTE)

    Exec Addr    Load Addr    Size         Type   Attr      Idx    E Section Name        Object

    0x20000000   0x080042d4   0x00000004   Data   RW            8    .data               system_stm32l4xx.o
    0x20000004   0x080042d8   0x00000018   Data   RW          134    .data               heap_4.o
    0x2000001c   0x080042f0   0x0000000c   Data   RW          219    .data               port.o
    0x20000028   0x080042fc   0x0000003c   Data   RW          619    .data               tasks.o
    0x20000064   0x08004338   0x0000001c   Data   RW         1312    .data               stm32l476g_discovery.o
    0x20000080   0x08004354   0x0000000c   Data   RW         1781    .data               stm32l4xx_hal.o
    0x2000008c   0x08004360   0x00000028   Data   RW         3693    .data               main.o
    0x200000b4        -       0x00004000   Zero   RW          133    .bss                heap_4.o
    0x200040b4        -       0x000000f0   Zero   RW          618    .bss                tasks.o
    0x200041a4        -       0x0000004c   Zero   RW         1406    .bss                stm32l476g_discovery_glass_lcd.o
    0x200041f0        -       0x00000098   Zero   RW         3690    .bss                main.o
    0x20004288        -       0x00000040   Zero   RW         3786    .bss                stm32l4xx_hal_timebase_tim.o
    0x200042c8        -       0x00000400   Zero   RW         1291    STACK               startup_stm32l476xx.o


==============================================================================

Image component sizes


      Code (inc. data)   RO Data    RW Data    ZI Data      Debug   Object Name

       362         10          0          0          0      26158   cmsis_os.o
       460         24          0         24      16384      11775   heap_4.o
       138          0          0          0          0       9470   list.o
      1236        136        136         40        152      10936   main.o
       818         82          0         12          0      13041   port.o
      1594         14          0          0          0      27096   queue.o
        36          8        392          0       1024        860   startup_stm32l476xx.o
       192         42         20         28          0      10612   stm32l476g_discovery.o
      1784         98         72          0         76      19280   stm32l476g_discovery_glass_lcd.o
        96         14          0         12          0       4696   stm32l4xx_hal.o
       158         14          0          0          0      33626   stm32l4xx_hal_cortex.o
       506         44          0          0          0       4156   stm32l4xx_hal_gpio.o
       644          4          0          0          0       6009   stm32l4xx_hal_lcd.o
       120         20          0          0          0       1538   stm32l4xx_hal_pwr_ex.o
      1996         96          0          0          0       7586   stm32l4xx_hal_rcc.o
      1506         44          0          0          0       4416   stm32l4xx_hal_rcc_ex.o
       688         36          0          0          0       8168   stm32l4xx_hal_tim.o
         6          0          0          0          0       2520   stm32l4xx_hal_tim_ex.o
       144         24          0          0         64       2733   stm32l4xx_hal_timebase_tim.o
        22          0          0          0          0       4078   stm32l4xx_it.o
        68         12         72          4          0     826177   system_stm32l4xx.o
      2346        178          0         60        240      30371   tasks.o
         0          0          0          0          0       8108   timers.o

    ----------------------------------------------------------------------
     14952        900        724        180      17940    1073410   Object Totals
         0          0         32          0          0          0   (incl. Generated)
        32          0          0          0          0          0   (incl. Padding)

    ----------------------------------------------------------------------

      Code (inc. data)   RO Data    RW Data    ZI Data      Debug   Library Member Name

         0          0          0          0          0          0   entry.o
         0          0          0          0          0          0   entry10a.o
         0          0          0          0          0          0   entry11a.o
         8          4          0          0          0          0   entry2.o
         4          0          0          0          0          0   entry5.o
         0          0          0          0          0          0   entry7b.o
         0          0          0          0          0          0   entry8b.o
         8          4          0          0          0          0   entry9a.o
        30          0          0          0          0          0   handlers.o
        36          8          0          0          0         68   init.o
         0          0          0          0          0          0   iusefp.o
        30          0          0          0          0         68   llshl.o
        32          0          0          0          0         68   llushr.o
        36          0          0          0          0         68   memcpya.o
        36          0          0          0          0        108   memseta.o
       396         10          0          0          0        252   printf1.o
        44          0          0          0          0         80   uidiv.o
        48          0          0          0          0         68   cdcmple.o
       222          0          0          0          0        100   ddiv.o
       186          0          0          0          0        176   depilogue.o
        50          0          0          0          0         76   dfixui.o
        26          0          0          0          0         76   dfltui.o
       234          0          0          0          0         96   dmul.o

    ----------------------------------------------------------------------
      1432         26          0          0          0       1304   Library Totals
         6          0          0          0          0          0   (incl. Padding)

    ----------------------------------------------------------------------

      Code (inc. data)   RO Data    RW Data    ZI Data      Debug   Library Name

       660         26          0          0          0        712   mc_w.l
       766          0          0          0          0        592   mf_w.l

    ----------------------------------------------------------------------
      1432         26          0          0          0       1304   Library Totals

    ----------------------------------------------------------------------

==============================================================================


      Code (inc. data)   RO Data    RW Data    ZI Data      Debug   

     16384        926        724        180      17940    1061342   Grand Totals
     16384        926        724        180      17940    1061342   ELF Image Totals
     16384        926        724        180          0          0   ROM Totals

==============================================================================

    Total RO  Size (Code + RO Data)                17108 (  16.71kB)
    Total RW  Size (RW Data + ZI Data)             18120 (  17.70kB)
    Total ROM Size (Code + RO Data + RW Data)      17288 (  16.88kB)

==============================================================================

